[     434ms] [WARNING] An iframe which has both allow-scripts and allow-same-origin for its sandbox attribute can escape its sandboxing. @ about:blank:0
[     989ms] [ERROR] Error: Minified React error #418; visit https://reactjs.org/docs/error-decoder.html?invariant=418 for the full message or use the non-minified dev environment for full errors and additional helpful warnings.
    at si (https://uiverse.io/assets/index-CF-y004k.js:22:4907)
    at ya (https://uiverse.io/assets/index-CF-y004k.js:24:45264)
    at va (https://uiverse.io/assets/index-CF-y004k.js:24:39499)
    at kf (https://uiverse.io/assets/index-CF-y004k.js:24:39430)
    at Qr (https://uiverse.io/assets/index-CF-y004k.js:24:39289)
    at da (https://uiverse.io/assets/index-CF-y004k.js:24:34440)
    at E (https://uiverse.io/assets/index-CF-y004k.js:9:1562)
    at MessagePort.rt (https://uiverse.io/assets/index-CF-y004k.js:9:1930) @ https://uiverse.io/assets/components-BiaGfagG.js:117
[    1054ms] [WARNING] An iframe which has both allow-scripts and allow-same-origin for its sandbox attribute can escape its sandboxing. @ https://uiverse.io/assets/index-CF-y004k.js:23
[    1090ms] Error: Minified React error #425; visit https://reactjs.org/docs/error-decoder.html?invariant=425 for the full message or use the non-minified dev environment for full errors and additional helpful warnings.
    at lr (https://uiverse.io/assets/index-CF-y004k.js:22:68)
    at pf (https://uiverse.io/assets/index-CF-y004k.js:24:16030)
    at ha (https://uiverse.io/assets/index-CF-y004k.js:24:39803)
    at va (https://uiverse.io/assets/index-CF-y004k.js:24:39560)
    at kf (https://uiverse.io/assets/index-CF-y004k.js:24:39430)
    at Qr (https://uiverse.io/assets/index-CF-y004k.js:24:39289)
    at da (https://uiverse.io/assets/index-CF-y004k.js:24:34440)
    at E (https://uiverse.io/assets/index-CF-y004k.js:9:1562)
    at MessagePort.rt (https://uiverse.io/assets/index-CF-y004k.js:9:1930)
[    1090ms] Error: Minified React error #418; visit https://reactjs.org/docs/error-decoder.html?invariant=418 for the full message or use the non-minified dev environment for full errors and additional helpful warnings.
    at si (https://uiverse.io/assets/index-CF-y004k.js:22:4907)
    at ya (https://uiverse.io/assets/index-CF-y004k.js:24:45264)
    at va (https://uiverse.io/assets/index-CF-y004k.js:24:39499)
    at kf (https://uiverse.io/assets/index-CF-y004k.js:24:39430)
    at Qr (https://uiverse.io/assets/index-CF-y004k.js:24:39289)
    at da (https://uiverse.io/assets/index-CF-y004k.js:24:34440)
    at E (https://uiverse.io/assets/index-CF-y004k.js:9:1562)
    at MessagePort.rt (https://uiverse.io/assets/index-CF-y004k.js:9:1930)
[    1124ms] Error: Minified React error #418; visit https://reactjs.org/docs/error-decoder.html?invariant=418 for the full message or use the non-minified dev environment for full errors and additional helpful warnings.
    at si (https://uiverse.io/assets/index-CF-y004k.js:22:4907)
    at ya (https://uiverse.io/assets/index-CF-y004k.js:24:45264)
    at va (https://uiverse.io/assets/index-CF-y004k.js:24:39499)
    at kf (https://uiverse.io/assets/index-CF-y004k.js:24:39430)
    at Qr (https://uiverse.io/assets/index-CF-y004k.js:24:39289)
    at da (https://uiverse.io/assets/index-CF-y004k.js:24:34440)
    at E (https://uiverse.io/assets/index-CF-y004k.js:9:1562)
    at MessagePort.rt (https://uiverse.io/assets/index-CF-y004k.js:9:1930)
[    1127ms] Error: Minified React error #418; visit https://reactjs.org/docs/error-decoder.html?invariant=418 for the full message or use the non-minified dev environment for full errors and additional helpful warnings.
    at si (https://uiverse.io/assets/index-CF-y004k.js:22:4907)
    at ya (https://uiverse.io/assets/index-CF-y004k.js:24:45264)
    at va (https://uiverse.io/assets/index-CF-y004k.js:24:39499)
    at kf (https://uiverse.io/assets/index-CF-y004k.js:24:39430)
    at Qr (https://uiverse.io/assets/index-CF-y004k.js:24:39289)
    at da (https://uiverse.io/assets/index-CF-y004k.js:24:34440)
    at E (https://uiverse.io/assets/index-CF-y004k.js:9:1562)
    at MessagePort.rt (https://uiverse.io/assets/index-CF-y004k.js:9:1930)
[    1127ms] Error: Minified React error #418; visit https://reactjs.org/docs/error-decoder.html?invariant=418 for the full message or use the non-minified dev environment for full errors and additional helpful warnings.
    at si (https://uiverse.io/assets/index-CF-y004k.js:22:4907)
    at ya (https://uiverse.io/assets/index-CF-y004k.js:24:45264)
    at va (https://uiverse.io/assets/index-CF-y004k.js:24:39499)
    at kf (https://uiverse.io/assets/index-CF-y004k.js:24:39430)
    at Qr (https://uiverse.io/assets/index-CF-y004k.js:24:39289)
    at da (https://uiverse.io/assets/index-CF-y004k.js:24:34440)
    at E (https://uiverse.io/assets/index-CF-y004k.js:9:1562)
    at MessagePort.rt (https://uiverse.io/assets/index-CF-y004k.js:9:1930)
[    1127ms] Error: Minified React error #418; visit https://reactjs.org/docs/error-decoder.html?invariant=418 for the full message or use the non-minified dev environment for full errors and additional helpful warnings.
    at si (https://uiverse.io/assets/index-CF-y004k.js:22:4907)
    at ya (https://uiverse.io/assets/index-CF-y004k.js:24:45264)
    at va (https://uiverse.io/assets/index-CF-y004k.js:24:39499)
    at kf (https://uiverse.io/assets/index-CF-y004k.js:24:39430)
    at Qr (https://uiverse.io/assets/index-CF-y004k.js:24:39289)
    at da (https://uiverse.io/assets/index-CF-y004k.js:24:34440)
    at E (https://uiverse.io/assets/index-CF-y004k.js:9:1562)
    at MessagePort.rt (https://uiverse.io/assets/index-CF-y004k.js:9:1930)
[    1127ms] Error: Minified React error #418; visit https://reactjs.org/docs/error-decoder.html?invariant=418 for the full message or use the non-minified dev environment for full errors and additional helpful warnings.
    at si (https://uiverse.io/assets/index-CF-y004k.js:22:4907)
    at ya (https://uiverse.io/assets/index-CF-y004k.js:24:45264)
    at va (https://uiverse.io/assets/index-CF-y004k.js:24:39499)
    at kf (https://uiverse.io/assets/index-CF-y004k.js:24:39430)
    at Qr (https://uiverse.io/assets/index-CF-y004k.js:24:39289)
    at da (https://uiverse.io/assets/index-CF-y004k.js:24:34440)
    at E (https://uiverse.io/assets/index-CF-y004k.js:9:1562)
    at MessagePort.rt (https://uiverse.io/assets/index-CF-y004k.js:9:1930)
[    1134ms] Error: Minified React error #418; visit https://reactjs.org/docs/error-decoder.html?invariant=418 for the full message or use the non-minified dev environment for full errors and additional helpful warnings.
    at si (https://uiverse.io/assets/index-CF-y004k.js:22:4907)
    at ya (https://uiverse.io/assets/index-CF-y004k.js:24:45264)
    at va (https://uiverse.io/assets/index-CF-y004k.js:24:39499)
    at kf (https://uiverse.io/assets/index-CF-y004k.js:24:39430)
    at Qr (https://uiverse.io/assets/index-CF-y004k.js:24:39289)
    at da (https://uiverse.io/assets/index-CF-y004k.js:24:34440)
    at E (https://uiverse.io/assets/index-CF-y004k.js:9:1562)
    at MessagePort.rt (https://uiverse.io/assets/index-CF-y004k.js:9:1930)
[    1135ms] Error: Minified React error #418; visit https://reactjs.org/docs/error-decoder.html?invariant=418 for the full message or use the non-minified dev environment for full errors and additional helpful warnings.
    at si (https://uiverse.io/assets/index-CF-y004k.js:22:4907)
    at ya (https://uiverse.io/assets/index-CF-y004k.js:24:45264)
    at va (https://uiverse.io/assets/index-CF-y004k.js:24:39499)
    at kf (https://uiverse.io/assets/index-CF-y004k.js:24:39430)
    at Qr (https://uiverse.io/assets/index-CF-y004k.js:24:39289)
    at da (https://uiverse.io/assets/index-CF-y004k.js:24:34440)
    at E (https://uiverse.io/assets/index-CF-y004k.js:9:1562)
    at MessagePort.rt (https://uiverse.io/assets/index-CF-y004k.js:9:1930)
[    1135ms] Error: Minified React error #418; visit https://reactjs.org/docs/error-decoder.html?invariant=418 for the full message or use the non-minified dev environment for full errors and additional helpful warnings.
    at si (https://uiverse.io/assets/index-CF-y004k.js:22:4907)
    at ya (https://uiverse.io/assets/index-CF-y004k.js:24:45264)
    at va (https://uiverse.io/assets/index-CF-y004k.js:24:39499)
    at kf (https://uiverse.io/assets/index-CF-y004k.js:24:39430)
    at Qr (https://uiverse.io/assets/index-CF-y004k.js:24:39289)
    at da (https://uiverse.io/assets/index-CF-y004k.js:24:34440)
    at E (https://uiverse.io/assets/index-CF-y004k.js:9:1562)
    at MessagePort.rt (https://uiverse.io/assets/index-CF-y004k.js:9:1930)
[    1135ms] Error: Minified React error #418; visit https://reactjs.org/docs/error-decoder.html?invariant=418 for the full message or use the non-minified dev environment for full errors and additional helpful warnings.
    at si (https://uiverse.io/assets/index-CF-y004k.js:22:4907)
    at ya (https://uiverse.io/assets/index-CF-y004k.js:24:45264)
    at va (https://uiverse.io/assets/index-CF-y004k.js:24:39499)
    at kf (https://uiverse.io/assets/index-CF-y004k.js:24:39430)
    at Qr (https://uiverse.io/assets/index-CF-y004k.js:24:39289)
    at da (https://uiverse.io/assets/index-CF-y004k.js:24:34440)
    at E (https://uiverse.io/assets/index-CF-y004k.js:9:1562)
    at MessagePort.rt (https://uiverse.io/assets/index-CF-y004k.js:9:1930)
[    1135ms] Error: Minified React error #418; visit https://reactjs.org/docs/error-decoder.html?invariant=418 for the full message or use the non-minified dev environment for full errors and additional helpful warnings.
    at si (https://uiverse.io/assets/index-CF-y004k.js:22:4907)
    at ya (https://uiverse.io/assets/index-CF-y004k.js:24:45264)
    at va (https://uiverse.io/assets/index-CF-y004k.js:24:39499)
    at kf (https://uiverse.io/assets/index-CF-y004k.js:24:39430)
    at Qr (https://uiverse.io/assets/index-CF-y004k.js:24:39289)
    at da (https://uiverse.io/assets/index-CF-y004k.js:24:34440)
    at E (https://uiverse.io/assets/index-CF-y004k.js:9:1562)
    at MessagePort.rt (https://uiverse.io/assets/index-CF-y004k.js:9:1930)
[    1135ms] Error: Minified React error #418; visit https://reactjs.org/docs/error-decoder.html?invariant=418 for the full message or use the non-minified dev environment for full errors and additional helpful warnings.
    at si (https://uiverse.io/assets/index-CF-y004k.js:22:4907)
    at ya (https://uiverse.io/assets/index-CF-y004k.js:24:45264)
    at va (https://uiverse.io/assets/index-CF-y004k.js:24:39499)
    at kf (https://uiverse.io/assets/index-CF-y004k.js:24:39430)
    at Qr (https://uiverse.io/assets/index-CF-y004k.js:24:39289)
    at da (https://uiverse.io/assets/index-CF-y004k.js:24:34440)
    at E (https://uiverse.io/assets/index-CF-y004k.js:9:1562)
    at MessagePort.rt (https://uiverse.io/assets/index-CF-y004k.js:9:1930)
[    1135ms] Error: Minified React error #418; visit https://reactjs.org/docs/error-decoder.html?invariant=418 for the full message or use the non-minified dev environment for full errors and additional helpful warnings.
    at si (https://uiverse.io/assets/index-CF-y004k.js:22:4907)
    at ya (https://uiverse.io/assets/index-CF-y004k.js:24:45264)
    at va (https://uiverse.io/assets/index-CF-y004k.js:24:39499)
    at kf (https://uiverse.io/assets/index-CF-y004k.js:24:39430)
    at Qr (https://uiverse.io/assets/index-CF-y004k.js:24:39289)
    at da (https://uiverse.io/assets/index-CF-y004k.js:24:34440)
    at E (https://uiverse.io/assets/index-CF-y004k.js:9:1562)
    at MessagePort.rt (https://uiverse.io/assets/index-CF-y004k.js:9:1930)
[    1135ms] Error: Minified React error #418; visit https://reactjs.org/docs/error-decoder.html?invariant=418 for the full message or use the non-minified dev environment for full errors and additional helpful warnings.
    at si (https://uiverse.io/assets/index-CF-y004k.js:22:4907)
    at ya (https://uiverse.io/assets/index-CF-y004k.js:24:45264)
    at va (https://uiverse.io/assets/index-CF-y004k.js:24:39499)
    at kf (https://uiverse.io/assets/index-CF-y004k.js:24:39430)
    at Qr (https://uiverse.io/assets/index-CF-y004k.js:24:39289)
    at da (https://uiverse.io/assets/index-CF-y004k.js:24:34440)
    at E (https://uiverse.io/assets/index-CF-y004k.js:9:1562)
    at MessagePort.rt (https://uiverse.io/assets/index-CF-y004k.js:9:1930)
[    1135ms] Error: Minified React error #418; visit https://reactjs.org/docs/error-decoder.html?invariant=418 for the full message or use the non-minified dev environment for full errors and additional helpful warnings.
    at si (https://uiverse.io/assets/index-CF-y004k.js:22:4907)
    at ya (https://uiverse.io/assets/index-CF-y004k.js:24:45264)
    at va (https://uiverse.io/assets/index-CF-y004k.js:24:39499)
    at kf (https://uiverse.io/assets/index-CF-y004k.js:24:39430)
    at Qr (https://uiverse.io/assets/index-CF-y004k.js:24:39289)
    at da (https://uiverse.io/assets/index-CF-y004k.js:24:34440)
    at E (https://uiverse.io/assets/index-CF-y004k.js:9:1562)
    at MessagePort.rt (https://uiverse.io/assets/index-CF-y004k.js:9:1930)
[    1135ms] Error: Minified React error #418; visit https://reactjs.org/docs/error-decoder.html?invariant=418 for the full message or use the non-minified dev environment for full errors and additional helpful warnings.
    at si (https://uiverse.io/assets/index-CF-y004k.js:22:4907)
    at ya (https://uiverse.io/assets/index-CF-y004k.js:24:45264)
    at va (https://uiverse.io/assets/index-CF-y004k.js:24:39499)
    at kf (https://uiverse.io/assets/index-CF-y004k.js:24:39430)
    at Qr (https://uiverse.io/assets/index-CF-y004k.js:24:39289)
    at da (https://uiverse.io/assets/index-CF-y004k.js:24:34440)
    at E (https://uiverse.io/assets/index-CF-y004k.js:9:1562)
    at MessagePort.rt (https://uiverse.io/assets/index-CF-y004k.js:9:1930)
[    1135ms] Error: Minified React error #418; visit https://reactjs.org/docs/error-decoder.html?invariant=418 for the full message or use the non-minified dev environment for full errors and additional helpful warnings.
    at si (https://uiverse.io/assets/index-CF-y004k.js:22:4907)
    at ya (https://uiverse.io/assets/index-CF-y004k.js:24:45264)
    at va (https://uiverse.io/assets/index-CF-y004k.js:24:39499)
    at kf (https://uiverse.io/assets/index-CF-y004k.js:24:39430)
    at Qr (https://uiverse.io/assets/index-CF-y004k.js:24:39289)
    at da (https://uiverse.io/assets/index-CF-y004k.js:24:34440)
    at E (https://uiverse.io/assets/index-CF-y004k.js:9:1562)
    at MessagePort.rt (https://uiverse.io/assets/index-CF-y004k.js:9:1930)
[    1135ms] Error: Minified React error #418; visit https://reactjs.org/docs/error-decoder.html?invariant=418 for the full message or use the non-minified dev environment for full errors and additional helpful warnings.
    at si (https://uiverse.io/assets/index-CF-y004k.js:22:4907)
    at ya (https://uiverse.io/assets/index-CF-y004k.js:24:45264)
    at va (https://uiverse.io/assets/index-CF-y004k.js:24:39499)
    at kf (https://uiverse.io/assets/index-CF-y004k.js:24:39430)
    at Qr (https://uiverse.io/assets/index-CF-y004k.js:24:39289)
    at da (https://uiverse.io/assets/index-CF-y004k.js:24:34440)
    at E (https://uiverse.io/assets/index-CF-y004k.js:9:1562)
    at MessagePort.rt (https://uiverse.io/assets/index-CF-y004k.js:9:1930)
[    1135ms] Error: Minified React error #418; visit https://reactjs.org/docs/error-decoder.html?invariant=418 for the full message or use the non-minified dev environment for full errors and additional helpful warnings.
    at si (https://uiverse.io/assets/index-CF-y004k.js:22:4907)
    at ya (https://uiverse.io/assets/index-CF-y004k.js:24:45264)
    at va (https://uiverse.io/assets/index-CF-y004k.js:24:39499)
    at kf (https://uiverse.io/assets/index-CF-y004k.js:24:39430)
    at Qr (https://uiverse.io/assets/index-CF-y004k.js:24:39289)
    at da (https://uiverse.io/assets/index-CF-y004k.js:24:34440)
    at E (https://uiverse.io/assets/index-CF-y004k.js:9:1562)
    at MessagePort.rt (https://uiverse.io/assets/index-CF-y004k.js:9:1930)
[    1135ms] Error: Minified React error #418; visit https://reactjs.org/docs/error-decoder.html?invariant=418 for the full message or use the non-minified dev environment for full errors and additional helpful warnings.
    at si (https://uiverse.io/assets/index-CF-y004k.js:22:4907)
    at ya (https://uiverse.io/assets/index-CF-y004k.js:24:45264)
    at va (https://uiverse.io/assets/index-CF-y004k.js:24:39499)
    at kf (https://uiverse.io/assets/index-CF-y004k.js:24:39430)
    at Qr (https://uiverse.io/assets/index-CF-y004k.js:24:39289)
    at da (https://uiverse.io/assets/index-CF-y004k.js:24:34440)
    at E (https://uiverse.io/assets/index-CF-y004k.js:9:1562)
    at MessagePort.rt (https://uiverse.io/assets/index-CF-y004k.js:9:1930)
[    1135ms] Error: Minified React error #418; visit https://reactjs.org/docs/error-decoder.html?invariant=418 for the full message or use the non-minified dev environment for full errors and additional helpful warnings.
    at si (https://uiverse.io/assets/index-CF-y004k.js:22:4907)
    at ya (https://uiverse.io/assets/index-CF-y004k.js:24:45264)
    at va (https://uiverse.io/assets/index-CF-y004k.js:24:39499)
    at kf (https://uiverse.io/assets/index-CF-y004k.js:24:39430)
    at Qr (https://uiverse.io/assets/index-CF-y004k.js:24:39289)
    at da (https://uiverse.io/assets/index-CF-y004k.js:24:34440)
    at E (https://uiverse.io/assets/index-CF-y004k.js:9:1562)
    at MessagePort.rt (https://uiverse.io/assets/index-CF-y004k.js:9:1930)
[    1135ms] Error: Minified React error #418; visit https://reactjs.org/docs/error-decoder.html?invariant=418 for the full message or use the non-minified dev environment for full errors and additional helpful warnings.
    at si (https://uiverse.io/assets/index-CF-y004k.js:22:4907)
    at ya (https://uiverse.io/assets/index-CF-y004k.js:24:45264)
    at va (https://uiverse.io/assets/index-CF-y004k.js:24:39499)
    at kf (https://uiverse.io/assets/index-CF-y004k.js:24:39430)
    at Qr (https://uiverse.io/assets/index-CF-y004k.js:24:39289)
    at da (https://uiverse.io/assets/index-CF-y004k.js:24:34440)
    at E (https://uiverse.io/assets/index-CF-y004k.js:9:1562)
    at MessagePort.rt (https://uiverse.io/assets/index-CF-y004k.js:9:1930)
[    1135ms] Error: Minified React error #418; visit https://reactjs.org/docs/error-decoder.html?invariant=418 for the full message or use the non-minified dev environment for full errors and additional helpful warnings.
    at si (https://uiverse.io/assets/index-CF-y004k.js:22:4907)
    at ya (https://uiverse.io/assets/index-CF-y004k.js:24:45264)
    at va (https://uiverse.io/assets/index-CF-y004k.js:24:39499)
    at kf (https://uiverse.io/assets/index-CF-y004k.js:24:39430)
    at Qr (https://uiverse.io/assets/index-CF-y004k.js:24:39289)
    at da (https://uiverse.io/assets/index-CF-y004k.js:24:34440)
    at E (https://uiverse.io/assets/index-CF-y004k.js:9:1562)
    at MessagePort.rt (https://uiverse.io/assets/index-CF-y004k.js:9:1930)
[    1136ms] Error: Minified React error #418; visit https://reactjs.org/docs/error-decoder.html?invariant=418 for the full message or use the non-minified dev environment for full errors and additional helpful warnings.
    at si (https://uiverse.io/assets/index-CF-y004k.js:22:4907)
    at ya (https://uiverse.io/assets/index-CF-y004k.js:24:45264)
    at va (https://uiverse.io/assets/index-CF-y004k.js:24:39499)
    at kf (https://uiverse.io/assets/index-CF-y004k.js:24:39430)
    at Qr (https://uiverse.io/assets/index-CF-y004k.js:24:39289)
    at da (https://uiverse.io/assets/index-CF-y004k.js:24:34440)
    at E (https://uiverse.io/assets/index-CF-y004k.js:9:1562)
    at MessagePort.rt (https://uiverse.io/assets/index-CF-y004k.js:9:1930)
[    1136ms] Error: Minified React error #418; visit https://reactjs.org/docs/error-decoder.html?invariant=418 for the full message or use the non-minified dev environment for full errors and additional helpful warnings.
    at si (https://uiverse.io/assets/index-CF-y004k.js:22:4907)
    at ya (https://uiverse.io/assets/index-CF-y004k.js:24:45264)
    at va (https://uiverse.io/assets/index-CF-y004k.js:24:39499)
    at kf (https://uiverse.io/assets/index-CF-y004k.js:24:39430)
    at Qr (https://uiverse.io/assets/index-CF-y004k.js:24:39289)
    at da (https://uiverse.io/assets/index-CF-y004k.js:24:34440)
    at E (https://uiverse.io/assets/index-CF-y004k.js:9:1562)
    at MessagePort.rt (https://uiverse.io/assets/index-CF-y004k.js:9:1930)
[    1136ms] Error: Minified React error #418; visit https://reactjs.org/docs/error-decoder.html?invariant=418 for the full message or use the non-minified dev environment for full errors and additional helpful warnings.
    at si (https://uiverse.io/assets/index-CF-y004k.js:22:4907)
    at ya (https://uiverse.io/assets/index-CF-y004k.js:24:45264)
    at va (https://uiverse.io/assets/index-CF-y004k.js:24:39499)
    at kf (https://uiverse.io/assets/index-CF-y004k.js:24:39430)
    at Qr (https://uiverse.io/assets/index-CF-y004k.js:24:39289)
    at da (https://uiverse.io/assets/index-CF-y004k.js:24:34440)
    at E (https://uiverse.io/assets/index-CF-y004k.js:9:1562)
    at MessagePort.rt (https://uiverse.io/assets/index-CF-y004k.js:9:1930)
[    1136ms] Error: Minified React error #418; visit https://reactjs.org/docs/error-decoder.html?invariant=418 for the full message or use the non-minified dev environment for full errors and additional helpful warnings.
    at si (https://uiverse.io/assets/index-CF-y004k.js:22:4907)
    at ya (https://uiverse.io/assets/index-CF-y004k.js:24:45264)
    at va (https://uiverse.io/assets/index-CF-y004k.js:24:39499)
    at kf (https://uiverse.io/assets/index-CF-y004k.js:24:39430)
    at Qr (https://uiverse.io/assets/index-CF-y004k.js:24:39289)
    at da (https://uiverse.io/assets/index-CF-y004k.js:24:34440)
    at E (https://uiverse.io/assets/index-CF-y004k.js:9:1562)
    at MessagePort.rt (https://uiverse.io/assets/index-CF-y004k.js:9:1930)
[    1136ms] Error: Minified React error #418; visit https://reactjs.org/docs/error-decoder.html?invariant=418 for the full message or use the non-minified dev environment for full errors and additional helpful warnings.
    at si (https://uiverse.io/assets/index-CF-y004k.js:22:4907)
    at ya (https://uiverse.io/assets/index-CF-y004k.js:24:45264)
    at va (https://uiverse.io/assets/index-CF-y004k.js:24:39499)
    at kf (https://uiverse.io/assets/index-CF-y004k.js:24:39430)
    at Qr (https://uiverse.io/assets/index-CF-y004k.js:24:39289)
    at da (https://uiverse.io/assets/index-CF-y004k.js:24:34440)
    at E (https://uiverse.io/assets/index-CF-y004k.js:9:1562)
    at MessagePort.rt (https://uiverse.io/assets/index-CF-y004k.js:9:1930)
[    1136ms] Error: Minified React error #418; visit https://reactjs.org/docs/error-decoder.html?invariant=418 for the full message or use the non-minified dev environment for full errors and additional helpful warnings.
    at si (https://uiverse.io/assets/index-CF-y004k.js:22:4907)
    at ya (https://uiverse.io/assets/index-CF-y004k.js:24:45264)
    at va (https://uiverse.io/assets/index-CF-y004k.js:24:39499)
    at kf (https://uiverse.io/assets/index-CF-y004k.js:24:39430)
    at Qr (https://uiverse.io/assets/index-CF-y004k.js:24:39289)
    at da (https://uiverse.io/assets/index-CF-y004k.js:24:34440)
    at E (https://uiverse.io/assets/index-CF-y004k.js:9:1562)
    at MessagePort.rt (https://uiverse.io/assets/index-CF-y004k.js:9:1930)
[    1136ms] Error: Minified React error #418; visit https://reactjs.org/docs/error-decoder.html?invariant=418 for the full message or use the non-minified dev environment for full errors and additional helpful warnings.
    at si (https://uiverse.io/assets/index-CF-y004k.js:22:4907)
    at ya (https://uiverse.io/assets/index-CF-y004k.js:24:45264)
    at va (https://uiverse.io/assets/index-CF-y004k.js:24:39499)
    at kf (https://uiverse.io/assets/index-CF-y004k.js:24:39430)
    at Qr (https://uiverse.io/assets/index-CF-y004k.js:24:39289)
    at da (https://uiverse.io/assets/index-CF-y004k.js:24:34440)
    at E (https://uiverse.io/assets/index-CF-y004k.js:9:1562)
    at MessagePort.rt (https://uiverse.io/assets/index-CF-y004k.js:9:1930)
[    1136ms] Error: Minified React error #418; visit https://reactjs.org/docs/error-decoder.html?invariant=418 for the full message or use the non-minified dev environment for full errors and additional helpful warnings.
    at si (https://uiverse.io/assets/index-CF-y004k.js:22:4907)
    at ya (https://uiverse.io/assets/index-CF-y004k.js:24:45264)
    at va (https://uiverse.io/assets/index-CF-y004k.js:24:39499)
    at kf (https://uiverse.io/assets/index-CF-y004k.js:24:39430)
    at Qr (https://uiverse.io/assets/index-CF-y004k.js:24:39289)
    at da (https://uiverse.io/assets/index-CF-y004k.js:24:34440)
    at E (https://uiverse.io/assets/index-CF-y004k.js:9:1562)
    at MessagePort.rt (https://uiverse.io/assets/index-CF-y004k.js:9:1930)
[    1136ms] Error: Minified React error #418; visit https://reactjs.org/docs/error-decoder.html?invariant=418 for the full message or use the non-minified dev environment for full errors and additional helpful warnings.
    at si (https://uiverse.io/assets/index-CF-y004k.js:22:4907)
    at ya (https://uiverse.io/assets/index-CF-y004k.js:24:45264)
    at va (https://uiverse.io/assets/index-CF-y004k.js:24:39499)
    at kf (https://uiverse.io/assets/index-CF-y004k.js:24:39430)
    at Qr (https://uiverse.io/assets/index-CF-y004k.js:24:39289)
    at da (https://uiverse.io/assets/index-CF-y004k.js:24:34440)
    at E (https://uiverse.io/assets/index-CF-y004k.js:9:1562)
    at MessagePort.rt (https://uiverse.io/assets/index-CF-y004k.js:9:1930)
[    1136ms] Error: Minified React error #418; visit https://reactjs.org/docs/error-decoder.html?invariant=418 for the full message or use the non-minified dev environment for full errors and additional helpful warnings.
    at si (https://uiverse.io/assets/index-CF-y004k.js:22:4907)
    at ya (https://uiverse.io/assets/index-CF-y004k.js:24:45264)
    at va (https://uiverse.io/assets/index-CF-y004k.js:24:39499)
    at kf (https://uiverse.io/assets/index-CF-y004k.js:24:39430)
    at Qr (https://uiverse.io/assets/index-CF-y004k.js:24:39289)
    at da (https://uiverse.io/assets/index-CF-y004k.js:24:34440)
    at E (https://uiverse.io/assets/index-CF-y004k.js:9:1562)
    at MessagePort.rt (https://uiverse.io/assets/index-CF-y004k.js:9:1930)
[    1136ms] Error: Minified React error #418; visit https://reactjs.org/docs/error-decoder.html?invariant=418 for the full message or use the non-minified dev environment for full errors and additional helpful warnings.
    at si (https://uiverse.io/assets/index-CF-y004k.js:22:4907)
    at ya (https://uiverse.io/assets/index-CF-y004k.js:24:45264)
    at va (https://uiverse.io/assets/index-CF-y004k.js:24:39499)
    at kf (https://uiverse.io/assets/index-CF-y004k.js:24:39430)
    at Qr (https://uiverse.io/assets/index-CF-y004k.js:24:39289)
    at da (https://uiverse.io/assets/index-CF-y004k.js:24:34440)
    at E (https://uiverse.io/assets/index-CF-y004k.js:9:1562)
    at MessagePort.rt (https://uiverse.io/assets/index-CF-y004k.js:9:1930)
[    1136ms] Error: Minified React error #418; visit https://reactjs.org/docs/error-decoder.html?invariant=418 for the full message or use the non-minified dev environment for full errors and additional helpful warnings.
    at si (https://uiverse.io/assets/index-CF-y004k.js:22:4907)
    at ya (https://uiverse.io/assets/index-CF-y004k.js:24:45264)
    at va (https://uiverse.io/assets/index-CF-y004k.js:24:39499)
    at kf (https://uiverse.io/assets/index-CF-y004k.js:24:39430)
    at Qr (https://uiverse.io/assets/index-CF-y004k.js:24:39289)
    at da (https://uiverse.io/assets/index-CF-y004k.js:24:34440)
    at E (https://uiverse.io/assets/index-CF-y004k.js:9:1562)
    at MessagePort.rt (https://uiverse.io/assets/index-CF-y004k.js:9:1930)
[    1137ms] Error: Minified React error #418; visit https://reactjs.org/docs/error-decoder.html?invariant=418 for the full message or use the non-minified dev environment for full errors and additional helpful warnings.
    at si (https://uiverse.io/assets/index-CF-y004k.js:22:4907)
    at ya (https://uiverse.io/assets/index-CF-y004k.js:24:45264)
    at va (https://uiverse.io/assets/index-CF-y004k.js:24:39499)
    at kf (https://uiverse.io/assets/index-CF-y004k.js:24:39430)
    at Qr (https://uiverse.io/assets/index-CF-y004k.js:24:39289)
    at da (https://uiverse.io/assets/index-CF-y004k.js:24:34440)
    at E (https://uiverse.io/assets/index-CF-y004k.js:9:1562)
    at MessagePort.rt (https://uiverse.io/assets/index-CF-y004k.js:9:1930)
[    1137ms] Error: Minified React error #418; visit https://reactjs.org/docs/error-decoder.html?invariant=418 for the full message or use the non-minified dev environment for full errors and additional helpful warnings.
    at si (https://uiverse.io/assets/index-CF-y004k.js:22:4907)
    at ya (https://uiverse.io/assets/index-CF-y004k.js:24:45264)
    at va (https://uiverse.io/assets/index-CF-y004k.js:24:39499)
    at kf (https://uiverse.io/assets/index-CF-y004k.js:24:39430)
    at Qr (https://uiverse.io/assets/index-CF-y004k.js:24:39289)
    at da (https://uiverse.io/assets/index-CF-y004k.js:24:34440)
    at E (https://uiverse.io/assets/index-CF-y004k.js:9:1562)
    at MessagePort.rt (https://uiverse.io/assets/index-CF-y004k.js:9:1930)
[    1137ms] Error: Minified React error #418; visit https://reactjs.org/docs/error-decoder.html?invariant=418 for the full message or use the non-minified dev environment for full errors and additional helpful warnings.
    at si (https://uiverse.io/assets/index-CF-y004k.js:22:4907)
    at ya (https://uiverse.io/assets/index-CF-y004k.js:24:45264)
    at va (https://uiverse.io/assets/index-CF-y004k.js:24:39499)
    at kf (https://uiverse.io/assets/index-CF-y004k.js:24:39430)
    at Qr (https://uiverse.io/assets/index-CF-y004k.js:24:39289)
    at da (https://uiverse.io/assets/index-CF-y004k.js:24:34440)
    at E (https://uiverse.io/assets/index-CF-y004k.js:9:1562)
    at MessagePort.rt (https://uiverse.io/assets/index-CF-y004k.js:9:1930)
[    1137ms] Error: Minified React error #418; visit https://reactjs.org/docs/error-decoder.html?invariant=418 for the full message or use the non-minified dev environment for full errors and additional helpful warnings.
    at si (https://uiverse.io/assets/index-CF-y004k.js:22:4907)
    at ya (https://uiverse.io/assets/index-CF-y004k.js:24:45264)
    at va (https://uiverse.io/assets/index-CF-y004k.js:24:39499)
    at kf (https://uiverse.io/assets/index-CF-y004k.js:24:39430)
    at Qr (https://uiverse.io/assets/index-CF-y004k.js:24:39289)
    at da (https://uiverse.io/assets/index-CF-y004k.js:24:34440)
    at E (https://uiverse.io/assets/index-CF-y004k.js:9:1562)
    at MessagePort.rt (https://uiverse.io/assets/index-CF-y004k.js:9:1930)
[    1137ms] Error: Minified React error #418; visit https://reactjs.org/docs/error-decoder.html?invariant=418 for the full message or use the non-minified dev environment for full errors and additional helpful warnings.
    at si (https://uiverse.io/assets/index-CF-y004k.js:22:4907)
    at ya (https://uiverse.io/assets/index-CF-y004k.js:24:45264)
    at va (https://uiverse.io/assets/index-CF-y004k.js:24:39499)
    at kf (https://uiverse.io/assets/index-CF-y004k.js:24:39430)
    at Qr (https://uiverse.io/assets/index-CF-y004k.js:24:39289)
    at da (https://uiverse.io/assets/index-CF-y004k.js:24:34440)
    at E (https://uiverse.io/assets/index-CF-y004k.js:9:1562)
    at MessagePort.rt (https://uiverse.io/assets/index-CF-y004k.js:9:1930)
[    1137ms] Error: Minified React error #418; visit https://reactjs.org/docs/error-decoder.html?invariant=418 for the full message or use the non-minified dev environment for full errors and additional helpful warnings.
    at si (https://uiverse.io/assets/index-CF-y004k.js:22:4907)
    at ya (https://uiverse.io/assets/index-CF-y004k.js:24:45264)
    at va (https://uiverse.io/assets/index-CF-y004k.js:24:39499)
    at kf (https://uiverse.io/assets/index-CF-y004k.js:24:39430)
    at Qr (https://uiverse.io/assets/index-CF-y004k.js:24:39289)
    at da (https://uiverse.io/assets/index-CF-y004k.js:24:34440)
    at E (https://uiverse.io/assets/index-CF-y004k.js:9:1562)
    at MessagePort.rt (https://uiverse.io/assets/index-CF-y004k.js:9:1930)
[    1137ms] Error: Minified React error #418; visit https://reactjs.org/docs/error-decoder.html?invariant=418 for the full message or use the non-minified dev environment for full errors and additional helpful warnings.
    at si (https://uiverse.io/assets/index-CF-y004k.js:22:4907)
    at ya (https://uiverse.io/assets/index-CF-y004k.js:24:45264)
    at va (https://uiverse.io/assets/index-CF-y004k.js:24:39499)
    at kf (https://uiverse.io/assets/index-CF-y004k.js:24:39430)
    at Qr (https://uiverse.io/assets/index-CF-y004k.js:24:39289)
    at da (https://uiverse.io/assets/index-CF-y004k.js:24:34440)
    at E (https://uiverse.io/assets/index-CF-y004k.js:9:1562)
    at MessagePort.rt (https://uiverse.io/assets/index-CF-y004k.js:9:1930)
[    1137ms] Error: Minified React error #418; visit https://reactjs.org/docs/error-decoder.html?invariant=418 for the full message or use the non-minified dev environment for full errors and additional helpful warnings.
    at si (https://uiverse.io/assets/index-CF-y004k.js:22:4907)
    at ya (https://uiverse.io/assets/index-CF-y004k.js:24:45264)
    at va (https://uiverse.io/assets/index-CF-y004k.js:24:39499)
    at kf (https://uiverse.io/assets/index-CF-y004k.js:24:39430)
    at Qr (https://uiverse.io/assets/index-CF-y004k.js:24:39289)
    at da (https://uiverse.io/assets/index-CF-y004k.js:24:34440)
    at E (https://uiverse.io/assets/index-CF-y004k.js:9:1562)
    at MessagePort.rt (https://uiverse.io/assets/index-CF-y004k.js:9:1930)
[    1137ms] Error: Minified React error #418; visit https://reactjs.org/docs/error-decoder.html?invariant=418 for the full message or use the non-minified dev environment for full errors and additional helpful warnings.
    at si (https://uiverse.io/assets/index-CF-y004k.js:22:4907)
    at ya (https://uiverse.io/assets/index-CF-y004k.js:24:45264)
    at va (https://uiverse.io/assets/index-CF-y004k.js:24:39499)
    at kf (https://uiverse.io/assets/index-CF-y004k.js:24:39430)
    at Qr (https://uiverse.io/assets/index-CF-y004k.js:24:39289)
    at da (https://uiverse.io/assets/index-CF-y004k.js:24:34440)
    at E (https://uiverse.io/assets/index-CF-y004k.js:9:1562)
    at MessagePort.rt (https://uiverse.io/assets/index-CF-y004k.js:9:1930)
[    1137ms] Error: Minified React error #418; visit https://reactjs.org/docs/error-decoder.html?invariant=418 for the full message or use the non-minified dev environment for full errors and additional helpful warnings.
    at si (https://uiverse.io/assets/index-CF-y004k.js:22:4907)
    at ya (https://uiverse.io/assets/index-CF-y004k.js:24:45264)
    at va (https://uiverse.io/assets/index-CF-y004k.js:24:39499)
    at kf (https://uiverse.io/assets/index-CF-y004k.js:24:39430)
    at Qr (https://uiverse.io/assets/index-CF-y004k.js:24:39289)
    at da (https://uiverse.io/assets/index-CF-y004k.js:24:34440)
    at E (https://uiverse.io/assets/index-CF-y004k.js:9:1562)
    at MessagePort.rt (https://uiverse.io/assets/index-CF-y004k.js:9:1930)
[    1137ms] Error: Minified React error #418; visit https://reactjs.org/docs/error-decoder.html?invariant=418 for the full message or use the non-minified dev environment for full errors and additional helpful warnings.
    at si (https://uiverse.io/assets/index-CF-y004k.js:22:4907)
    at ya (https://uiverse.io/assets/index-CF-y004k.js:24:45264)
    at va (https://uiverse.io/assets/index-CF-y004k.js:24:39499)
    at kf (https://uiverse.io/assets/index-CF-y004k.js:24:39430)
    at Qr (https://uiverse.io/assets/index-CF-y004k.js:24:39289)
    at da (https://uiverse.io/assets/index-CF-y004k.js:24:34440)
    at E (https://uiverse.io/assets/index-CF-y004k.js:9:1562)
    at MessagePort.rt (https://uiverse.io/assets/index-CF-y004k.js:9:1930)
[    1137ms] Error: Minified React error #418; visit https://reactjs.org/docs/error-decoder.html?invariant=418 for the full message or use the non-minified dev environment for full errors and additional helpful warnings.
    at si (https://uiverse.io/assets/index-CF-y004k.js:22:4907)
    at ya (https://uiverse.io/assets/index-CF-y004k.js:24:45264)
    at va (https://uiverse.io/assets/index-CF-y004k.js:24:39499)
    at kf (https://uiverse.io/assets/index-CF-y004k.js:24:39430)
    at Qr (https://uiverse.io/assets/index-CF-y004k.js:24:39289)
    at da (https://uiverse.io/assets/index-CF-y004k.js:24:34440)
    at E (https://uiverse.io/assets/index-CF-y004k.js:9:1562)
    at MessagePort.rt (https://uiverse.io/assets/index-CF-y004k.js:9:1930)
[    1137ms] Error: Minified React error #418; visit https://reactjs.org/docs/error-decoder.html?invariant=418 for the full message or use the non-minified dev environment for full errors and additional helpful warnings.
    at si (https://uiverse.io/assets/index-CF-y004k.js:22:4907)
    at ya (https://uiverse.io/assets/index-CF-y004k.js:24:45264)
    at va (https://uiverse.io/assets/index-CF-y004k.js:24:39499)
    at kf (https://uiverse.io/assets/index-CF-y004k.js:24:39430)
    at Qr (https://uiverse.io/assets/index-CF-y004k.js:24:39289)
    at da (https://uiverse.io/assets/index-CF-y004k.js:24:34440)
    at E (https://uiverse.io/assets/index-CF-y004k.js:9:1562)
    at MessagePort.rt (https://uiverse.io/assets/index-CF-y004k.js:9:1930)
[    1137ms] Error: Minified React error #418; visit https://reactjs.org/docs/error-decoder.html?invariant=418 for the full message or use the non-minified dev environment for full errors and additional helpful warnings.
    at si (https://uiverse.io/assets/index-CF-y004k.js:22:4907)
    at ya (https://uiverse.io/assets/index-CF-y004k.js:24:45264)
    at va (https://uiverse.io/assets/index-CF-y004k.js:24:39499)
    at kf (https://uiverse.io/assets/index-CF-y004k.js:24:39430)
    at Qr (https://uiverse.io/assets/index-CF-y004k.js:24:39289)
    at da (https://uiverse.io/assets/index-CF-y004k.js:24:34440)
    at E (https://uiverse.io/assets/index-CF-y004k.js:9:1562)
    at MessagePort.rt (https://uiverse.io/assets/index-CF-y004k.js:9:1930)
[    1138ms] Error: Minified React error #418; visit https://reactjs.org/docs/error-decoder.html?invariant=418 for the full message or use the non-minified dev environment for full errors and additional helpful warnings.
    at si (https://uiverse.io/assets/index-CF-y004k.js:22:4907)
    at ya (https://uiverse.io/assets/index-CF-y004k.js:24:45264)
    at va (https://uiverse.io/assets/index-CF-y004k.js:24:39499)
    at kf (https://uiverse.io/assets/index-CF-y004k.js:24:39430)
    at Qr (https://uiverse.io/assets/index-CF-y004k.js:24:39289)
    at da (https://uiverse.io/assets/index-CF-y004k.js:24:34440)
    at E (https://uiverse.io/assets/index-CF-y004k.js:9:1562)
    at MessagePort.rt (https://uiverse.io/assets/index-CF-y004k.js:9:1930)
[    1138ms] Error: Minified React error #418; visit https://reactjs.org/docs/error-decoder.html?invariant=418 for the full message or use the non-minified dev environment for full errors and additional helpful warnings.
    at si (https://uiverse.io/assets/index-CF-y004k.js:22:4907)
    at ya (https://uiverse.io/assets/index-CF-y004k.js:24:45264)
    at va (https://uiverse.io/assets/index-CF-y004k.js:24:39499)
    at kf (https://uiverse.io/assets/index-CF-y004k.js:24:39430)
    at Qr (https://uiverse.io/assets/index-CF-y004k.js:24:39289)
    at da (https://uiverse.io/assets/index-CF-y004k.js:24:34440)
    at E (https://uiverse.io/assets/index-CF-y004k.js:9:1562)
    at MessagePort.rt (https://uiverse.io/assets/index-CF-y004k.js:9:1930)
[    1138ms] Error: Minified React error #418; visit https://reactjs.org/docs/error-decoder.html?invariant=418 for the full message or use the non-minified dev environment for full errors and additional helpful warnings.
    at si (https://uiverse.io/assets/index-CF-y004k.js:22:4907)
    at ya (https://uiverse.io/assets/index-CF-y004k.js:24:45264)
    at va (https://uiverse.io/assets/index-CF-y004k.js:24:39499)
    at kf (https://uiverse.io/assets/index-CF-y004k.js:24:39430)
    at Qr (https://uiverse.io/assets/index-CF-y004k.js:24:39289)
    at da (https://uiverse.io/assets/index-CF-y004k.js:24:34440)
    at E (https://uiverse.io/assets/index-CF-y004k.js:9:1562)
    at MessagePort.rt (https://uiverse.io/assets/index-CF-y004k.js:9:1930)
[    1138ms] Error: Minified React error #418; visit https://reactjs.org/docs/error-decoder.html?invariant=418 for the full message or use the non-minified dev environment for full errors and additional helpful warnings.
    at si (https://uiverse.io/assets/index-CF-y004k.js:22:4907)
    at ya (https://uiverse.io/assets/index-CF-y004k.js:24:45264)
    at va (https://uiverse.io/assets/index-CF-y004k.js:24:39499)
    at kf (https://uiverse.io/assets/index-CF-y004k.js:24:39430)
    at Qr (https://uiverse.io/assets/index-CF-y004k.js:24:39289)
    at da (https://uiverse.io/assets/index-CF-y004k.js:24:34440)
    at E (https://uiverse.io/assets/index-CF-y004k.js:9:1562)
    at MessagePort.rt (https://uiverse.io/assets/index-CF-y004k.js:9:1930)
[    1138ms] Error: Minified React error #418; visit https://reactjs.org/docs/error-decoder.html?invariant=418 for the full message or use the non-minified dev environment for full errors and additional helpful warnings.
    at si (https://uiverse.io/assets/index-CF-y004k.js:22:4907)
    at ya (https://uiverse.io/assets/index-CF-y004k.js:24:45264)
    at va (https://uiverse.io/assets/index-CF-y004k.js:24:39499)
    at kf (https://uiverse.io/assets/index-CF-y004k.js:24:39430)
    at Qr (https://uiverse.io/assets/index-CF-y004k.js:24:39289)
    at da (https://uiverse.io/assets/index-CF-y004k.js:24:34440)
    at E (https://uiverse.io/assets/index-CF-y004k.js:9:1562)
    at MessagePort.rt (https://uiverse.io/assets/index-CF-y004k.js:9:1930)
[    1138ms] Error: Minified React error #418; visit https://reactjs.org/docs/error-decoder.html?invariant=418 for the full message or use the non-minified dev environment for full errors and additional helpful warnings.
    at si (https://uiverse.io/assets/index-CF-y004k.js:22:4907)
    at ya (https://uiverse.io/assets/index-CF-y004k.js:24:45264)
    at va (https://uiverse.io/assets/index-CF-y004k.js:24:39499)
    at kf (https://uiverse.io/assets/index-CF-y004k.js:24:39430)
    at Qr (https://uiverse.io/assets/index-CF-y004k.js:24:39289)
    at da (https://uiverse.io/assets/index-CF-y004k.js:24:34440)
    at E (https://uiverse.io/assets/index-CF-y004k.js:9:1562)
    at MessagePort.rt (https://uiverse.io/assets/index-CF-y004k.js:9:1930)
[    1138ms] Error: Minified React error #418; visit https://reactjs.org/docs/error-decoder.html?invariant=418 for the full message or use the non-minified dev environment for full errors and additional helpful warnings.
    at si (https://uiverse.io/assets/index-CF-y004k.js:22:4907)
    at ya (https://uiverse.io/assets/index-CF-y004k.js:24:45264)
    at va (https://uiverse.io/assets/index-CF-y004k.js:24:39499)
    at kf (https://uiverse.io/assets/index-CF-y004k.js:24:39430)
    at Qr (https://uiverse.io/assets/index-CF-y004k.js:24:39289)
    at da (https://uiverse.io/assets/index-CF-y004k.js:24:34440)
    at E (https://uiverse.io/assets/index-CF-y004k.js:9:1562)
    at MessagePort.rt (https://uiverse.io/assets/index-CF-y004k.js:9:1930)
[    1138ms] Error: Minified React error #418; visit https://reactjs.org/docs/error-decoder.html?invariant=418 for the full message or use the non-minified dev environment for full errors and additional helpful warnings.
    at si (https://uiverse.io/assets/index-CF-y004k.js:22:4907)
    at ya (https://uiverse.io/assets/index-CF-y004k.js:24:45264)
    at va (https://uiverse.io/assets/index-CF-y004k.js:24:39499)
    at kf (https://uiverse.io/assets/index-CF-y004k.js:24:39430)
    at Qr (https://uiverse.io/assets/index-CF-y004k.js:24:39289)
    at da (https://uiverse.io/assets/index-CF-y004k.js:24:34440)
    at E (https://uiverse.io/assets/index-CF-y004k.js:9:1562)
    at MessagePort.rt (https://uiverse.io/assets/index-CF-y004k.js:9:1930)
[    1144ms] Error: Minified React error #418; visit https://reactjs.org/docs/error-decoder.html?invariant=418 for the full message or use the non-minified dev environment for full errors and additional helpful warnings.
    at si (https://uiverse.io/assets/index-CF-y004k.js:22:4907)
    at ya (https://uiverse.io/assets/index-CF-y004k.js:24:45264)
    at va (https://uiverse.io/assets/index-CF-y004k.js:24:39499)
    at kf (https://uiverse.io/assets/index-CF-y004k.js:24:39430)
    at Qr (https://uiverse.io/assets/index-CF-y004k.js:24:39289)
    at da (https://uiverse.io/assets/index-CF-y004k.js:24:34440)
    at E (https://uiverse.io/assets/index-CF-y004k.js:9:1562)
    at MessagePort.rt (https://uiverse.io/assets/index-CF-y004k.js:9:1930)
[    1144ms] Error: Minified React error #418; visit https://reactjs.org/docs/error-decoder.html?invariant=418 for the full message or use the non-minified dev environment for full errors and additional helpful warnings.
    at si (https://uiverse.io/assets/index-CF-y004k.js:22:4907)
    at ya (https://uiverse.io/assets/index-CF-y004k.js:24:45264)
    at va (https://uiverse.io/assets/index-CF-y004k.js:24:39499)
    at kf (https://uiverse.io/assets/index-CF-y004k.js:24:39430)
    at Qr (https://uiverse.io/assets/index-CF-y004k.js:24:39289)
    at da (https://uiverse.io/assets/index-CF-y004k.js:24:34440)
    at E (https://uiverse.io/assets/index-CF-y004k.js:9:1562)
    at MessagePort.rt (https://uiverse.io/assets/index-CF-y004k.js:9:1930)
[    1144ms] Error: Minified React error #418; visit https://reactjs.org/docs/error-decoder.html?invariant=418 for the full message or use the non-minified dev environment for full errors and additional helpful warnings.
    at si (https://uiverse.io/assets/index-CF-y004k.js:22:4907)
    at ya (https://uiverse.io/assets/index-CF-y004k.js:24:45264)
    at va (https://uiverse.io/assets/index-CF-y004k.js:24:39499)
    at kf (https://uiverse.io/assets/index-CF-y004k.js:24:39430)
    at Qr (https://uiverse.io/assets/index-CF-y004k.js:24:39289)
    at da (https://uiverse.io/assets/index-CF-y004k.js:24:34440)
    at E (https://uiverse.io/assets/index-CF-y004k.js:9:1562)
    at MessagePort.rt (https://uiverse.io/assets/index-CF-y004k.js:9:1930)
[    1144ms] Error: Minified React error #418; visit https://reactjs.org/docs/error-decoder.html?invariant=418 for the full message or use the non-minified dev environment for full errors and additional helpful warnings.
    at si (https://uiverse.io/assets/index-CF-y004k.js:22:4907)
    at ya (https://uiverse.io/assets/index-CF-y004k.js:24:45264)
    at va (https://uiverse.io/assets/index-CF-y004k.js:24:39499)
    at kf (https://uiverse.io/assets/index-CF-y004k.js:24:39430)
    at Qr (https://uiverse.io/assets/index-CF-y004k.js:24:39289)
    at da (https://uiverse.io/assets/index-CF-y004k.js:24:34440)
    at E (https://uiverse.io/assets/index-CF-y004k.js:9:1562)
    at MessagePort.rt (https://uiverse.io/assets/index-CF-y004k.js:9:1930)
[    1144ms] Error: Minified React error #418; visit https://reactjs.org/docs/error-decoder.html?invariant=418 for the full message or use the non-minified dev environment for full errors and additional helpful warnings.
    at si (https://uiverse.io/assets/index-CF-y004k.js:22:4907)
    at ya (https://uiverse.io/assets/index-CF-y004k.js:24:45264)
    at va (https://uiverse.io/assets/index-CF-y004k.js:24:39499)
    at kf (https://uiverse.io/assets/index-CF-y004k.js:24:39430)
    at Qr (https://uiverse.io/assets/index-CF-y004k.js:24:39289)
    at da (https://uiverse.io/assets/index-CF-y004k.js:24:34440)
    at E (https://uiverse.io/assets/index-CF-y004k.js:9:1562)
    at MessagePort.rt (https://uiverse.io/assets/index-CF-y004k.js:9:1930)
[    1144ms] Error: Minified React error #418; visit https://reactjs.org/docs/error-decoder.html?invariant=418 for the full message or use the non-minified dev environment for full errors and additional helpful warnings.
    at si (https://uiverse.io/assets/index-CF-y004k.js:22:4907)
    at ya (https://uiverse.io/assets/index-CF-y004k.js:24:45264)
    at va (https://uiverse.io/assets/index-CF-y004k.js:24:39499)
    at kf (https://uiverse.io/assets/index-CF-y004k.js:24:39430)
    at Qr (https://uiverse.io/assets/index-CF-y004k.js:24:39289)
    at da (https://uiverse.io/assets/index-CF-y004k.js:24:34440)
    at E (https://uiverse.io/assets/index-CF-y004k.js:9:1562)
    at MessagePort.rt (https://uiverse.io/assets/index-CF-y004k.js:9:1930)
[    1145ms] Error: Minified React error #418; visit https://reactjs.org/docs/error-decoder.html?invariant=418 for the full message or use the non-minified dev environment for full errors and additional helpful warnings.
    at si (https://uiverse.io/assets/index-CF-y004k.js:22:4907)
    at ya (https://uiverse.io/assets/index-CF-y004k.js:24:45264)
    at va (https://uiverse.io/assets/index-CF-y004k.js:24:39499)
    at kf (https://uiverse.io/assets/index-CF-y004k.js:24:39430)
    at Qr (https://uiverse.io/assets/index-CF-y004k.js:24:39289)
    at da (https://uiverse.io/assets/index-CF-y004k.js:24:34440)
    at E (https://uiverse.io/assets/index-CF-y004k.js:9:1562)
    at MessagePort.rt (https://uiverse.io/assets/index-CF-y004k.js:9:1930)
[    1145ms] Error: Minified React error #418; visit https://reactjs.org/docs/error-decoder.html?invariant=418 for the full message or use the non-minified dev environment for full errors and additional helpful warnings.
    at si (https://uiverse.io/assets/index-CF-y004k.js:22:4907)
    at ya (https://uiverse.io/assets/index-CF-y004k.js:24:45264)
    at va (https://uiverse.io/assets/index-CF-y004k.js:24:39499)
    at kf (https://uiverse.io/assets/index-CF-y004k.js:24:39430)
    at Qr (https://uiverse.io/assets/index-CF-y004k.js:24:39289)
    at da (https://uiverse.io/assets/index-CF-y004k.js:24:34440)
    at E (https://uiverse.io/assets/index-CF-y004k.js:9:1562)
    at MessagePort.rt (https://uiverse.io/assets/index-CF-y004k.js:9:1930)
[    1145ms] Error: Minified React error #418; visit https://reactjs.org/docs/error-decoder.html?invariant=418 for the full message or use the non-minified dev environment for full errors and additional helpful warnings.
    at si (https://uiverse.io/assets/index-CF-y004k.js:22:4907)
    at ya (https://uiverse.io/assets/index-CF-y004k.js:24:45264)
    at va (https://uiverse.io/assets/index-CF-y004k.js:24:39499)
    at kf (https://uiverse.io/assets/index-CF-y004k.js:24:39430)
    at Qr (https://uiverse.io/assets/index-CF-y004k.js:24:39289)
    at da (https://uiverse.io/assets/index-CF-y004k.js:24:34440)
    at E (https://uiverse.io/assets/index-CF-y004k.js:9:1562)
    at MessagePort.rt (https://uiverse.io/assets/index-CF-y004k.js:9:1930)
[    1145ms] Error: Minified React error #418; visit https://reactjs.org/docs/error-decoder.html?invariant=418 for the full message or use the non-minified dev environment for full errors and additional helpful warnings.
    at si (https://uiverse.io/assets/index-CF-y004k.js:22:4907)
    at ya (https://uiverse.io/assets/index-CF-y004k.js:24:45264)
    at va (https://uiverse.io/assets/index-CF-y004k.js:24:39499)
    at kf (https://uiverse.io/assets/index-CF-y004k.js:24:39430)
    at Qr (https://uiverse.io/assets/index-CF-y004k.js:24:39289)
    at da (https://uiverse.io/assets/index-CF-y004k.js:24:34440)
    at E (https://uiverse.io/assets/index-CF-y004k.js:9:1562)
    at MessagePort.rt (https://uiverse.io/assets/index-CF-y004k.js:9:1930)
[    1145ms] Error: Minified React error #418; visit https://reactjs.org/docs/error-decoder.html?invariant=418 for the full message or use the non-minified dev environment for full errors and additional helpful warnings.
    at si (https://uiverse.io/assets/index-CF-y004k.js:22:4907)
    at ya (https://uiverse.io/assets/index-CF-y004k.js:24:45264)
    at va (https://uiverse.io/assets/index-CF-y004k.js:24:39499)
    at kf (https://uiverse.io/assets/index-CF-y004k.js:24:39430)
    at Qr (https://uiverse.io/assets/index-CF-y004k.js:24:39289)
    at da (https://uiverse.io/assets/index-CF-y004k.js:24:34440)
    at E (https://uiverse.io/assets/index-CF-y004k.js:9:1562)
    at MessagePort.rt (https://uiverse.io/assets/index-CF-y004k.js:9:1930)
[    1145ms] Error: Minified React error #418; visit https://reactjs.org/docs/error-decoder.html?invariant=418 for the full message or use the non-minified dev environment for full errors and additional helpful warnings.
    at si (https://uiverse.io/assets/index-CF-y004k.js:22:4907)
    at ya (https://uiverse.io/assets/index-CF-y004k.js:24:45264)
    at va (https://uiverse.io/assets/index-CF-y004k.js:24:39499)
    at kf (https://uiverse.io/assets/index-CF-y004k.js:24:39430)
    at Qr (https://uiverse.io/assets/index-CF-y004k.js:24:39289)
    at da (https://uiverse.io/assets/index-CF-y004k.js:24:34440)
    at E (https://uiverse.io/assets/index-CF-y004k.js:9:1562)
    at MessagePort.rt (https://uiverse.io/assets/index-CF-y004k.js:9:1930)
[    1145ms] Error: Minified React error #418; visit https://reactjs.org/docs/error-decoder.html?invariant=418 for the full message or use the non-minified dev environment for full errors and additional helpful warnings.
    at si (https://uiverse.io/assets/index-CF-y004k.js:22:4907)
    at ya (https://uiverse.io/assets/index-CF-y004k.js:24:45264)
    at va (https://uiverse.io/assets/index-CF-y004k.js:24:39499)
    at kf (https://uiverse.io/assets/index-CF-y004k.js:24:39430)
    at Qr (https://uiverse.io/assets/index-CF-y004k.js:24:39289)
    at da (https://uiverse.io/assets/index-CF-y004k.js:24:34440)
    at E (https://uiverse.io/assets/index-CF-y004k.js:9:1562)
    at MessagePort.rt (https://uiverse.io/assets/index-CF-y004k.js:9:1930)
[    1145ms] Error: Minified React error #418; visit https://reactjs.org/docs/error-decoder.html?invariant=418 for the full message or use the non-minified dev environment for full errors and additional helpful warnings.
    at si (https://uiverse.io/assets/index-CF-y004k.js:22:4907)
    at ya (https://uiverse.io/assets/index-CF-y004k.js:24:45264)
    at va (https://uiverse.io/assets/index-CF-y004k.js:24:39499)
    at kf (https://uiverse.io/assets/index-CF-y004k.js:24:39430)
    at Qr (https://uiverse.io/assets/index-CF-y004k.js:24:39289)
    at da (https://uiverse.io/assets/index-CF-y004k.js:24:34440)
    at E (https://uiverse.io/assets/index-CF-y004k.js:9:1562)
    at MessagePort.rt (https://uiverse.io/assets/index-CF-y004k.js:9:1930)
[    1145ms] Error: Minified React error #418; visit https://reactjs.org/docs/error-decoder.html?invariant=418 for the full message or use the non-minified dev environment for full errors and additional helpful warnings.
    at si (https://uiverse.io/assets/index-CF-y004k.js:22:4907)
    at ya (https://uiverse.io/assets/index-CF-y004k.js:24:45264)
    at va (https://uiverse.io/assets/index-CF-y004k.js:24:39499)
    at kf (https://uiverse.io/assets/index-CF-y004k.js:24:39430)
    at Qr (https://uiverse.io/assets/index-CF-y004k.js:24:39289)
    at da (https://uiverse.io/assets/index-CF-y004k.js:24:34440)
    at E (https://uiverse.io/assets/index-CF-y004k.js:9:1562)
    at MessagePort.rt (https://uiverse.io/assets/index-CF-y004k.js:9:1930)
[    1145ms] Error: Minified React error #418; visit https://reactjs.org/docs/error-decoder.html?invariant=418 for the full message or use the non-minified dev environment for full errors and additional helpful warnings.
    at si (https://uiverse.io/assets/index-CF-y004k.js:22:4907)
    at ya (https://uiverse.io/assets/index-CF-y004k.js:24:45264)
    at va (https://uiverse.io/assets/index-CF-y004k.js:24:39499)
    at kf (https://uiverse.io/assets/index-CF-y004k.js:24:39430)
    at Qr (https://uiverse.io/assets/index-CF-y004k.js:24:39289)
    at da (https://uiverse.io/assets/index-CF-y004k.js:24:34440)
    at E (https://uiverse.io/assets/index-CF-y004k.js:9:1562)
    at MessagePort.rt (https://uiverse.io/assets/index-CF-y004k.js:9:1930)
[    1145ms] Error: Minified React error #418; visit https://reactjs.org/docs/error-decoder.html?invariant=418 for the full message or use the non-minified dev environment for full errors and additional helpful warnings.
    at si (https://uiverse.io/assets/index-CF-y004k.js:22:4907)
    at ya (https://uiverse.io/assets/index-CF-y004k.js:24:45264)
    at va (https://uiverse.io/assets/index-CF-y004k.js:24:39499)
    at kf (https://uiverse.io/assets/index-CF-y004k.js:24:39430)
    at Qr (https://uiverse.io/assets/index-CF-y004k.js:24:39289)
    at da (https://uiverse.io/assets/index-CF-y004k.js:24:34440)
    at E (https://uiverse.io/assets/index-CF-y004k.js:9:1562)
    at MessagePort.rt (https://uiverse.io/assets/index-CF-y004k.js:9:1930)
[    1145ms] Error: Minified React error #418; visit https://reactjs.org/docs/error-decoder.html?invariant=418 for the full message or use the non-minified dev environment for full errors and additional helpful warnings.
    at si (https://uiverse.io/assets/index-CF-y004k.js:22:4907)
    at ya (https://uiverse.io/assets/index-CF-y004k.js:24:45264)
    at va (https://uiverse.io/assets/index-CF-y004k.js:24:39499)
    at kf (https://uiverse.io/assets/index-CF-y004k.js:24:39430)
    at Qr (https://uiverse.io/assets/index-CF-y004k.js:24:39289)
    at da (https://uiverse.io/assets/index-CF-y004k.js:24:34440)
    at E (https://uiverse.io/assets/index-CF-y004k.js:9:1562)
    at MessagePort.rt (https://uiverse.io/assets/index-CF-y004k.js:9:1930)
[    1146ms] Error: Minified React error #418; visit https://reactjs.org/docs/error-decoder.html?invariant=418 for the full message or use the non-minified dev environment for full errors and additional helpful warnings.
    at si (https://uiverse.io/assets/index-CF-y004k.js:22:4907)
    at ya (https://uiverse.io/assets/index-CF-y004k.js:24:45264)
    at va (https://uiverse.io/assets/index-CF-y004k.js:24:39499)
    at kf (https://uiverse.io/assets/index-CF-y004k.js:24:39430)
    at Qr (https://uiverse.io/assets/index-CF-y004k.js:24:39289)
    at da (https://uiverse.io/assets/index-CF-y004k.js:24:34440)
    at E (https://uiverse.io/assets/index-CF-y004k.js:9:1562)
    at MessagePort.rt (https://uiverse.io/assets/index-CF-y004k.js:9:1930)
[    1146ms] Error: Minified React error #418; visit https://reactjs.org/docs/error-decoder.html?invariant=418 for the full message or use the non-minified dev environment for full errors and additional helpful warnings.
    at si (https://uiverse.io/assets/index-CF-y004k.js:22:4907)
    at ya (https://uiverse.io/assets/index-CF-y004k.js:24:45264)
    at va (https://uiverse.io/assets/index-CF-y004k.js:24:39499)
    at kf (https://uiverse.io/assets/index-CF-y004k.js:24:39430)
    at Qr (https://uiverse.io/assets/index-CF-y004k.js:24:39289)
    at da (https://uiverse.io/assets/index-CF-y004k.js:24:34440)
    at E (https://uiverse.io/assets/index-CF-y004k.js:9:1562)
    at MessagePort.rt (https://uiverse.io/assets/index-CF-y004k.js:9:1930)
[    1146ms] Error: Minified React error #418; visit https://reactjs.org/docs/error-decoder.html?invariant=418 for the full message or use the non-minified dev environment for full errors and additional helpful warnings.
    at si (https://uiverse.io/assets/index-CF-y004k.js:22:4907)
    at ya (https://uiverse.io/assets/index-CF-y004k.js:24:45264)
    at va (https://uiverse.io/assets/index-CF-y004k.js:24:39499)
    at kf (https://uiverse.io/assets/index-CF-y004k.js:24:39430)
    at Qr (https://uiverse.io/assets/index-CF-y004k.js:24:39289)
    at da (https://uiverse.io/assets/index-CF-y004k.js:24:34440)
    at E (https://uiverse.io/assets/index-CF-y004k.js:9:1562)
    at MessagePort.rt (https://uiverse.io/assets/index-CF-y004k.js:9:1930)
[    1146ms] Error: Minified React error #418; visit https://reactjs.org/docs/error-decoder.html?invariant=418 for the full message or use the non-minified dev environment for full errors and additional helpful warnings.
    at si (https://uiverse.io/assets/index-CF-y004k.js:22:4907)
    at ya (https://uiverse.io/assets/index-CF-y004k.js:24:45264)
    at va (https://uiverse.io/assets/index-CF-y004k.js:24:39499)
    at kf (https://uiverse.io/assets/index-CF-y004k.js:24:39430)
    at Qr (https://uiverse.io/assets/index-CF-y004k.js:24:39289)
    at da (https://uiverse.io/assets/index-CF-y004k.js:24:34440)
    at E (https://uiverse.io/assets/index-CF-y004k.js:9:1562)
    at MessagePort.rt (https://uiverse.io/assets/index-CF-y004k.js:9:1930)
[    1146ms] Error: Minified React error #418; visit https://reactjs.org/docs/error-decoder.html?invariant=418 for the full message or use the non-minified dev environment for full errors and additional helpful warnings.
    at si (https://uiverse.io/assets/index-CF-y004k.js:22:4907)
    at ya (https://uiverse.io/assets/index-CF-y004k.js:24:45264)
    at va (https://uiverse.io/assets/index-CF-y004k.js:24:39499)
    at kf (https://uiverse.io/assets/index-CF-y004k.js:24:39430)
    at Qr (https://uiverse.io/assets/index-CF-y004k.js:24:39289)
    at da (https://uiverse.io/assets/index-CF-y004k.js:24:34440)
    at E (https://uiverse.io/assets/index-CF-y004k.js:9:1562)
    at MessagePort.rt (https://uiverse.io/assets/index-CF-y004k.js:9:1930)
[    1146ms] Error: Minified React error #418; visit https://reactjs.org/docs/error-decoder.html?invariant=418 for the full message or use the non-minified dev environment for full errors and additional helpful warnings.
    at si (https://uiverse.io/assets/index-CF-y004k.js:22:4907)
    at ya (https://uiverse.io/assets/index-CF-y004k.js:24:45264)
    at va (https://uiverse.io/assets/index-CF-y004k.js:24:39499)
    at kf (https://uiverse.io/assets/index-CF-y004k.js:24:39430)
    at Qr (https://uiverse.io/assets/index-CF-y004k.js:24:39289)
    at da (https://uiverse.io/assets/index-CF-y004k.js:24:34440)
    at E (https://uiverse.io/assets/index-CF-y004k.js:9:1562)
    at MessagePort.rt (https://uiverse.io/assets/index-CF-y004k.js:9:1930)
[    1146ms] Error: Minified React error #418; visit https://reactjs.org/docs/error-decoder.html?invariant=418 for the full message or use the non-minified dev environment for full errors and additional helpful warnings.
    at si (https://uiverse.io/assets/index-CF-y004k.js:22:4907)
    at ya (https://uiverse.io/assets/index-CF-y004k.js:24:45264)
    at va (https://uiverse.io/assets/index-CF-y004k.js:24:39499)
    at kf (https://uiverse.io/assets/index-CF-y004k.js:24:39430)
    at Qr (https://uiverse.io/assets/index-CF-y004k.js:24:39289)
    at da (https://uiverse.io/assets/index-CF-y004k.js:24:34440)
    at E (https://uiverse.io/assets/index-CF-y004k.js:9:1562)
    at MessagePort.rt (https://uiverse.io/assets/index-CF-y004k.js:9:1930)
[    1146ms] Error: Minified React error #418; visit https://reactjs.org/docs/error-decoder.html?invariant=418 for the full message or use the non-minified dev environment for full errors and additional helpful warnings.
    at si (https://uiverse.io/assets/index-CF-y004k.js:22:4907)
    at ya (https://uiverse.io/assets/index-CF-y004k.js:24:45264)
    at va (https://uiverse.io/assets/index-CF-y004k.js:24:39499)
    at kf (https://uiverse.io/assets/index-CF-y004k.js:24:39430)
    at Qr (https://uiverse.io/assets/index-CF-y004k.js:24:39289)
    at da (https://uiverse.io/assets/index-CF-y004k.js:24:34440)
    at E (https://uiverse.io/assets/index-CF-y004k.js:9:1562)
    at MessagePort.rt (https://uiverse.io/assets/index-CF-y004k.js:9:1930)
[    1146ms] Error: Minified React error #418; visit https://reactjs.org/docs/error-decoder.html?invariant=418 for the full message or use the non-minified dev environment for full errors and additional helpful warnings.
    at si (https://uiverse.io/assets/index-CF-y004k.js:22:4907)
    at ya (https://uiverse.io/assets/index-CF-y004k.js:24:45264)
    at va (https://uiverse.io/assets/index-CF-y004k.js:24:39499)
    at kf (https://uiverse.io/assets/index-CF-y004k.js:24:39430)
    at Qr (https://uiverse.io/assets/index-CF-y004k.js:24:39289)
    at da (https://uiverse.io/assets/index-CF-y004k.js:24:34440)
    at E (https://uiverse.io/assets/index-CF-y004k.js:9:1562)
    at MessagePort.rt (https://uiverse.io/assets/index-CF-y004k.js:9:1930)
[    1146ms] Error: Minified React error #418; visit https://reactjs.org/docs/error-decoder.html?invariant=418 for the full message or use the non-minified dev environment for full errors and additional helpful warnings.
    at si (https://uiverse.io/assets/index-CF-y004k.js:22:4907)
    at ya (https://uiverse.io/assets/index-CF-y004k.js:24:45264)
    at va (https://uiverse.io/assets/index-CF-y004k.js:24:39499)
    at kf (https://uiverse.io/assets/index-CF-y004k.js:24:39430)
    at Qr (https://uiverse.io/assets/index-CF-y004k.js:24:39289)
    at da (https://uiverse.io/assets/index-CF-y004k.js:24:34440)
    at E (https://uiverse.io/assets/index-CF-y004k.js:9:1562)
    at MessagePort.rt (https://uiverse.io/assets/index-CF-y004k.js:9:1930)
[    1146ms] Error: Minified React error #418; visit https://reactjs.org/docs/error-decoder.html?invariant=418 for the full message or use the non-minified dev environment for full errors and additional helpful warnings.
    at si (https://uiverse.io/assets/index-CF-y004k.js:22:4907)
    at ya (https://uiverse.io/assets/index-CF-y004k.js:24:45264)
    at va (https://uiverse.io/assets/index-CF-y004k.js:24:39499)
    at kf (https://uiverse.io/assets/index-CF-y004k.js:24:39430)
    at Qr (https://uiverse.io/assets/index-CF-y004k.js:24:39289)
    at da (https://uiverse.io/assets/index-CF-y004k.js:24:34440)
    at E (https://uiverse.io/assets/index-CF-y004k.js:9:1562)
    at MessagePort.rt (https://uiverse.io/assets/index-CF-y004k.js:9:1930)
[    1146ms] Error: Minified React error #418; visit https://reactjs.org/docs/error-decoder.html?invariant=418 for the full message or use the non-minified dev environment for full errors and additional helpful warnings.
    at si (https://uiverse.io/assets/index-CF-y004k.js:22:4907)
    at ya (https://uiverse.io/assets/index-CF-y004k.js:24:45264)
    at va (https://uiverse.io/assets/index-CF-y004k.js:24:39499)
    at kf (https://uiverse.io/assets/index-CF-y004k.js:24:39430)
    at Qr (https://uiverse.io/assets/index-CF-y004k.js:24:39289)
    at da (https://uiverse.io/assets/index-CF-y004k.js:24:34440)
    at E (https://uiverse.io/assets/index-CF-y004k.js:9:1562)
    at MessagePort.rt (https://uiverse.io/assets/index-CF-y004k.js:9:1930)
[    1146ms] Error: Minified React error #418; visit https://reactjs.org/docs/error-decoder.html?invariant=418 for the full message or use the non-minified dev environment for full errors and additional helpful warnings.
    at si (https://uiverse.io/assets/index-CF-y004k.js:22:4907)
    at ya (https://uiverse.io/assets/index-CF-y004k.js:24:45264)
    at va (https://uiverse.io/assets/index-CF-y004k.js:24:39499)
    at kf (https://uiverse.io/assets/index-CF-y004k.js:24:39430)
    at Qr (https://uiverse.io/assets/index-CF-y004k.js:24:39289)
    at da (https://uiverse.io/assets/index-CF-y004k.js:24:34440)
    at E (https://uiverse.io/assets/index-CF-y004k.js:9:1562)
    at MessagePort.rt (https://uiverse.io/assets/index-CF-y004k.js:9:1930)
[    1146ms] Error: Minified React error #418; visit https://reactjs.org/docs/error-decoder.html?invariant=418 for the full message or use the non-minified dev environment for full errors and additional helpful warnings.
    at si (https://uiverse.io/assets/index-CF-y004k.js:22:4907)
    at ya (https://uiverse.io/assets/index-CF-y004k.js:24:45264)
    at va (https://uiverse.io/assets/index-CF-y004k.js:24:39499)
    at kf (https://uiverse.io/assets/index-CF-y004k.js:24:39430)
    at Qr (https://uiverse.io/assets/index-CF-y004k.js:24:39289)
    at da (https://uiverse.io/assets/index-CF-y004k.js:24:34440)
    at E (https://uiverse.io/assets/index-CF-y004k.js:9:1562)
    at MessagePort.rt (https://uiverse.io/assets/index-CF-y004k.js:9:1930)
[    1146ms] Error: Minified React error #418; visit https://reactjs.org/docs/error-decoder.html?invariant=418 for the full message or use the non-minified dev environment for full errors and additional helpful warnings.
    at si (https://uiverse.io/assets/index-CF-y004k.js:22:4907)
    at ya (https://uiverse.io/assets/index-CF-y004k.js:24:45264)
    at va (https://uiverse.io/assets/index-CF-y004k.js:24:39499)
    at kf (https://uiverse.io/assets/index-CF-y004k.js:24:39430)
    at Qr (https://uiverse.io/assets/index-CF-y004k.js:24:39289)
    at da (https://uiverse.io/assets/index-CF-y004k.js:24:34440)
    at E (https://uiverse.io/assets/index-CF-y004k.js:9:1562)
    at MessagePort.rt (https://uiverse.io/assets/index-CF-y004k.js:9:1930)
[    1146ms] Error: Minified React error #418; visit https://reactjs.org/docs/error-decoder.html?invariant=418 for the full message or use the non-minified dev environment for full errors and additional helpful warnings.
    at si (https://uiverse.io/assets/index-CF-y004k.js:22:4907)
    at ya (https://uiverse.io/assets/index-CF-y004k.js:24:45264)
    at va (https://uiverse.io/assets/index-CF-y004k.js:24:39499)
    at kf (https://uiverse.io/assets/index-CF-y004k.js:24:39430)
    at Qr (https://uiverse.io/assets/index-CF-y004k.js:24:39289)
    at da (https://uiverse.io/assets/index-CF-y004k.js:24:34440)
    at E (https://uiverse.io/assets/index-CF-y004k.js:9:1562)
    at MessagePort.rt (https://uiverse.io/assets/index-CF-y004k.js:9:1930)
[    1147ms] Error: Minified React error #418; visit https://reactjs.org/docs/error-decoder.html?invariant=418 for the full message or use the non-minified dev environment for full errors and additional helpful warnings.
    at si (https://uiverse.io/assets/index-CF-y004k.js:22:4907)
    at ya (https://uiverse.io/assets/index-CF-y004k.js:24:45264)
    at va (https://uiverse.io/assets/index-CF-y004k.js:24:39499)
    at kf (https://uiverse.io/assets/index-CF-y004k.js:24:39430)
    at Qr (https://uiverse.io/assets/index-CF-y004k.js:24:39289)
    at da (https://uiverse.io/assets/index-CF-y004k.js:24:34440)
    at E (https://uiverse.io/assets/index-CF-y004k.js:9:1562)
    at MessagePort.rt (https://uiverse.io/assets/index-CF-y004k.js:9:1930)
[    1147ms] Error: Minified React error #418; visit https://reactjs.org/docs/error-decoder.html?invariant=418 for the full message or use the non-minified dev environment for full errors and additional helpful warnings.
    at si (https://uiverse.io/assets/index-CF-y004k.js:22:4907)
    at ya (https://uiverse.io/assets/index-CF-y004k.js:24:45264)
    at va (https://uiverse.io/assets/index-CF-y004k.js:24:39499)
    at kf (https://uiverse.io/assets/index-CF-y004k.js:24:39430)
    at Qr (https://uiverse.io/assets/index-CF-y004k.js:24:39289)
    at da (https://uiverse.io/assets/index-CF-y004k.js:24:34440)
    at E (https://uiverse.io/assets/index-CF-y004k.js:9:1562)
    at MessagePort.rt (https://uiverse.io/assets/index-CF-y004k.js:9:1930)
[    1147ms] Error: Minified React error #418; visit https://reactjs.org/docs/error-decoder.html?invariant=418 for the full message or use the non-minified dev environment for full errors and additional helpful warnings.
    at si (https://uiverse.io/assets/index-CF-y004k.js:22:4907)
    at ya (https://uiverse.io/assets/index-CF-y004k.js:24:45264)
    at va (https://uiverse.io/assets/index-CF-y004k.js:24:39499)
    at kf (https://uiverse.io/assets/index-CF-y004k.js:24:39430)
    at Qr (https://uiverse.io/assets/index-CF-y004k.js:24:39289)
    at da (https://uiverse.io/assets/index-CF-y004k.js:24:34440)
    at E (https://uiverse.io/assets/index-CF-y004k.js:9:1562)
    at MessagePort.rt (https://uiverse.io/assets/index-CF-y004k.js:9:1930)
[    1147ms] Error: Minified React error #418; visit https://reactjs.org/docs/error-decoder.html?invariant=418 for the full message or use the non-minified dev environment for full errors and additional helpful warnings.
    at si (https://uiverse.io/assets/index-CF-y004k.js:22:4907)
    at ya (https://uiverse.io/assets/index-CF-y004k.js:24:45264)
    at va (https://uiverse.io/assets/index-CF-y004k.js:24:39499)
    at kf (https://uiverse.io/assets/index-CF-y004k.js:24:39430)
    at Qr (https://uiverse.io/assets/index-CF-y004k.js:24:39289)
    at da (https://uiverse.io/assets/index-CF-y004k.js:24:34440)
    at E (https://uiverse.io/assets/index-CF-y004k.js:9:1562)
    at MessagePort.rt (https://uiverse.io/assets/index-CF-y004k.js:9:1930)
[    1147ms] Error: Minified React error #418; visit https://reactjs.org/docs/error-decoder.html?invariant=418 for the full message or use the non-minified dev environment for full errors and additional helpful warnings.
    at si (https://uiverse.io/assets/index-CF-y004k.js:22:4907)
    at ya (https://uiverse.io/assets/index-CF-y004k.js:24:45264)
    at va (https://uiverse.io/assets/index-CF-y004k.js:24:39499)
    at kf (https://uiverse.io/assets/index-CF-y004k.js:24:39430)
    at Qr (https://uiverse.io/assets/index-CF-y004k.js:24:39289)
    at da (https://uiverse.io/assets/index-CF-y004k.js:24:34440)
    at E (https://uiverse.io/assets/index-CF-y004k.js:9:1562)
    at MessagePort.rt (https://uiverse.io/assets/index-CF-y004k.js:9:1930)
[    1147ms] Error: Minified React error #423; visit https://reactjs.org/docs/error-decoder.html?invariant=423 for the full message or use the non-minified dev environment for full errors and additional helpful warnings.
    at ya (https://uiverse.io/assets/index-CF-y004k.js:24:44924)
    at va (https://uiverse.io/assets/index-CF-y004k.js:24:39499)
    at kf (https://uiverse.io/assets/index-CF-y004k.js:24:39430)
    at Qr (https://uiverse.io/assets/index-CF-y004k.js:24:39289)
    at xi (https://uiverse.io/assets/index-CF-y004k.js:24:35710)
    at da (https://uiverse.io/assets/index-CF-y004k.js:24:34666)
    at E (https://uiverse.io/assets/index-CF-y004k.js:9:1562)
    at MessagePort.rt (https://uiverse.io/assets/index-CF-y004k.js:9:1930)
[    1996ms] [ERROR] Failed to load resource: net::ERR_NAME_NOT_RESOLVED @ https://ad.doubleclick.net/favicon.ico?ad=300x250&ad_box_=1&adnet=1&showad=1&size=250x250&e=0.7813094793901169:0
[    2174ms] [ERROR] Failed to load resource: the server responded with a status of 403 () @ https://cdn.api.btloader.com/device?orgid=5102648370397184&platformVersion=16&fullVersionList=%5B%7B%22brand%22%3A%22Not%3DA%3FBrand%22%2C%22version%22%3A%2299.0.0.0%22%7D%2C%7B%22brand%22%3A%22Google+Chrome%22%2C%22version%22%3A%22151.0.7922.174%22%7D%2C%7B%22brand%22%3A%22Chromium%22%2C%22version%22%3A%22151.0.7922.174%22%7D%5D&upapi=true:0
[    2498ms] [ERROR] Failed to load resource: net::ERR_NAME_NOT_RESOLVED @ https://securepubads.g.doubleclick.net/tag/js/gpt.js:0
[    3628ms] [ERROR] Failed to load resource: net::ERR_NAME_NOT_RESOLVED @ https://ad.doubleclick.net/favicon.ico?ad=300x250&ad_box_=1&adnet=1&showad=1&size=250x250&e=0.855894372984867:0
