[    2987ms] [ERROR] Error: Minified React error #418; visit https://reactjs.org/docs/error-decoder.html?invariant=418 for the full message or use the non-minified dev environment for full errors and additional helpful warnings.
    at si (https://uiverse.io/assets/index-CF-y004k.js:22:4788)
    at ya (https://uiverse.io/assets/index-CF-y004k.js:24:45264)
    at va (https://uiverse.io/assets/index-CF-y004k.js:24:39499)
    at kf (https://uiverse.io/assets/index-CF-y004k.js:24:39430)
    at Qr (https://uiverse.io/assets/index-CF-y004k.js:24:39289)
    at da (https://uiverse.io/assets/index-CF-y004k.js:24:34440)
    at E (https://uiverse.io/assets/index-CF-y004k.js:9:1562)
    at MessagePort.rt (https://uiverse.io/assets/index-CF-y004k.js:9:1930) @ https://uiverse.io/assets/components-BiaGfagG.js:117
[    3200ms] Error: Minified React error #418; visit https://reactjs.org/docs/error-decoder.html?invariant=418 for the full message or use the non-minified dev environment for full errors and additional helpful warnings.
    at si (https://uiverse.io/assets/index-CF-y004k.js:22:4788)
    at ya (https://uiverse.io/assets/index-CF-y004k.js:24:45264)
    at va (https://uiverse.io/assets/index-CF-y004k.js:24:39499)
    at kf (https://uiverse.io/assets/index-CF-y004k.js:24:39430)
    at Qr (https://uiverse.io/assets/index-CF-y004k.js:24:39289)
    at da (https://uiverse.io/assets/index-CF-y004k.js:24:34440)
    at E (https://uiverse.io/assets/index-CF-y004k.js:9:1562)
    at MessagePort.rt (https://uiverse.io/assets/index-CF-y004k.js:9:1930)
[    3204ms] Error: Minified React error #418; visit https://reactjs.org/docs/error-decoder.html?invariant=418 for the full message or use the non-minified dev environment for full errors and additional helpful warnings.
    at si (https://uiverse.io/assets/index-CF-y004k.js:22:4788)
    at ya (https://uiverse.io/assets/index-CF-y004k.js:24:45264)
    at va (https://uiverse.io/assets/index-CF-y004k.js:24:39499)
    at kf (https://uiverse.io/assets/index-CF-y004k.js:24:39430)
    at Qr (https://uiverse.io/assets/index-CF-y004k.js:24:39289)
    at da (https://uiverse.io/assets/index-CF-y004k.js:24:34440)
    at E (https://uiverse.io/assets/index-CF-y004k.js:9:1562)
    at MessagePort.rt (https://uiverse.io/assets/index-CF-y004k.js:9:1930)
[    3204ms] Error: Minified React error #418; visit https://reactjs.org/docs/error-decoder.html?invariant=418 for the full message or use the non-minified dev environment for full errors and additional helpful warnings.
    at si (https://uiverse.io/assets/index-CF-y004k.js:22:4788)
    at ya (https://uiverse.io/assets/index-CF-y004k.js:24:45264)
    at va (https://uiverse.io/assets/index-CF-y004k.js:24:39499)
    at kf (https://uiverse.io/assets/index-CF-y004k.js:24:39430)
    at Qr (https://uiverse.io/assets/index-CF-y004k.js:24:39289)
    at da (https://uiverse.io/assets/index-CF-y004k.js:24:34440)
    at E (https://uiverse.io/assets/index-CF-y004k.js:9:1562)
    at MessagePort.rt (https://uiverse.io/assets/index-CF-y004k.js:9:1930)
[    3204ms] Error: Minified React error #418; visit https://reactjs.org/docs/error-decoder.html?invariant=418 for the full message or use the non-minified dev environment for full errors and additional helpful warnings.
    at si (https://uiverse.io/assets/index-CF-y004k.js:22:4788)
    at ya (https://uiverse.io/assets/index-CF-y004k.js:24:45264)
    at va (https://uiverse.io/assets/index-CF-y004k.js:24:39499)
    at kf (https://uiverse.io/assets/index-CF-y004k.js:24:39430)
    at Qr (https://uiverse.io/assets/index-CF-y004k.js:24:39289)
    at da (https://uiverse.io/assets/index-CF-y004k.js:24:34440)
    at E (https://uiverse.io/assets/index-CF-y004k.js:9:1562)
    at MessagePort.rt (https://uiverse.io/assets/index-CF-y004k.js:9:1930)
[    3205ms] Error: Minified React error #418; visit https://reactjs.org/docs/error-decoder.html?invariant=418 for the full message or use the non-minified dev environment for full errors and additional helpful warnings.
    at si (https://uiverse.io/assets/index-CF-y004k.js:22:4788)
    at ya (https://uiverse.io/assets/index-CF-y004k.js:24:45264)
    at va (https://uiverse.io/assets/index-CF-y004k.js:24:39499)
    at kf (https://uiverse.io/assets/index-CF-y004k.js:24:39430)
    at Qr (https://uiverse.io/assets/index-CF-y004k.js:24:39289)
    at da (https://uiverse.io/assets/index-CF-y004k.js:24:34440)
    at E (https://uiverse.io/assets/index-CF-y004k.js:9:1562)
    at MessagePort.rt (https://uiverse.io/assets/index-CF-y004k.js:9:1930)
[    3205ms] Error: Minified React error #418; visit https://reactjs.org/docs/error-decoder.html?invariant=418 for the full message or use the non-minified dev environment for full errors and additional helpful warnings.
    at si (https://uiverse.io/assets/index-CF-y004k.js:22:4788)
    at ya (https://uiverse.io/assets/index-CF-y004k.js:24:45264)
    at va (https://uiverse.io/assets/index-CF-y004k.js:24:39499)
    at kf (https://uiverse.io/assets/index-CF-y004k.js:24:39430)
    at Qr (https://uiverse.io/assets/index-CF-y004k.js:24:39289)
    at da (https://uiverse.io/assets/index-CF-y004k.js:24:34440)
    at E (https://uiverse.io/assets/index-CF-y004k.js:9:1562)
    at MessagePort.rt (https://uiverse.io/assets/index-CF-y004k.js:9:1930)
[    3205ms] Error: Minified React error #418; visit https://reactjs.org/docs/error-decoder.html?invariant=418 for the full message or use the non-minified dev environment for full errors and additional helpful warnings.
    at si (https://uiverse.io/assets/index-CF-y004k.js:22:4788)
    at ya (https://uiverse.io/assets/index-CF-y004k.js:24:45264)
    at va (https://uiverse.io/assets/index-CF-y004k.js:24:39499)
    at kf (https://uiverse.io/assets/index-CF-y004k.js:24:39430)
    at Qr (https://uiverse.io/assets/index-CF-y004k.js:24:39289)
    at da (https://uiverse.io/assets/index-CF-y004k.js:24:34440)
    at E (https://uiverse.io/assets/index-CF-y004k.js:9:1562)
    at MessagePort.rt (https://uiverse.io/assets/index-CF-y004k.js:9:1930)
[    3205ms] Error: Minified React error #418; visit https://reactjs.org/docs/error-decoder.html?invariant=418 for the full message or use the non-minified dev environment for full errors and additional helpful warnings.
    at si (https://uiverse.io/assets/index-CF-y004k.js:22:4788)
    at ya (https://uiverse.io/assets/index-CF-y004k.js:24:45264)
    at va (https://uiverse.io/assets/index-CF-y004k.js:24:39499)
    at kf (https://uiverse.io/assets/index-CF-y004k.js:24:39430)
    at Qr (https://uiverse.io/assets/index-CF-y004k.js:24:39289)
    at da (https://uiverse.io/assets/index-CF-y004k.js:24:34440)
    at E (https://uiverse.io/assets/index-CF-y004k.js:9:1562)
    at MessagePort.rt (https://uiverse.io/assets/index-CF-y004k.js:9:1930)
[    3205ms] Error: Minified React error #418; visit https://reactjs.org/docs/error-decoder.html?invariant=418 for the full message or use the non-minified dev environment for full errors and additional helpful warnings.
    at si (https://uiverse.io/assets/index-CF-y004k.js:22:4788)
    at ya (https://uiverse.io/assets/index-CF-y004k.js:24:45264)
    at va (https://uiverse.io/assets/index-CF-y004k.js:24:39499)
    at kf (https://uiverse.io/assets/index-CF-y004k.js:24:39430)
    at Qr (https://uiverse.io/assets/index-CF-y004k.js:24:39289)
    at da (https://uiverse.io/assets/index-CF-y004k.js:24:34440)
    at E (https://uiverse.io/assets/index-CF-y004k.js:9:1562)
    at MessagePort.rt (https://uiverse.io/assets/index-CF-y004k.js:9:1930)
[    3205ms] Error: Minified React error #418; visit https://reactjs.org/docs/error-decoder.html?invariant=418 for the full message or use the non-minified dev environment for full errors and additional helpful warnings.
    at si (https://uiverse.io/assets/index-CF-y004k.js:22:4788)
    at ya (https://uiverse.io/assets/index-CF-y004k.js:24:45264)
    at va (https://uiverse.io/assets/index-CF-y004k.js:24:39499)
    at kf (https://uiverse.io/assets/index-CF-y004k.js:24:39430)
    at Qr (https://uiverse.io/assets/index-CF-y004k.js:24:39289)
    at da (https://uiverse.io/assets/index-CF-y004k.js:24:34440)
    at E (https://uiverse.io/assets/index-CF-y004k.js:9:1562)
    at MessagePort.rt (https://uiverse.io/assets/index-CF-y004k.js:9:1930)
[    3206ms] Error: Minified React error #418; visit https://reactjs.org/docs/error-decoder.html?invariant=418 for the full message or use the non-minified dev environment for full errors and additional helpful warnings.
    at si (https://uiverse.io/assets/index-CF-y004k.js:22:4788)
    at ya (https://uiverse.io/assets/index-CF-y004k.js:24:45264)
    at va (https://uiverse.io/assets/index-CF-y004k.js:24:39499)
    at kf (https://uiverse.io/assets/index-CF-y004k.js:24:39430)
    at Qr (https://uiverse.io/assets/index-CF-y004k.js:24:39289)
    at da (https://uiverse.io/assets/index-CF-y004k.js:24:34440)
    at E (https://uiverse.io/assets/index-CF-y004k.js:9:1562)
    at MessagePort.rt (https://uiverse.io/assets/index-CF-y004k.js:9:1930)
[    3206ms] Error: Minified React error #418; visit https://reactjs.org/docs/error-decoder.html?invariant=418 for the full message or use the non-minified dev environment for full errors and additional helpful warnings.
    at si (https://uiverse.io/assets/index-CF-y004k.js:22:4788)
    at ya (https://uiverse.io/assets/index-CF-y004k.js:24:45264)
    at va (https://uiverse.io/assets/index-CF-y004k.js:24:39499)
    at kf (https://uiverse.io/assets/index-CF-y004k.js:24:39430)
    at Qr (https://uiverse.io/assets/index-CF-y004k.js:24:39289)
    at da (https://uiverse.io/assets/index-CF-y004k.js:24:34440)
    at E (https://uiverse.io/assets/index-CF-y004k.js:9:1562)
    at MessagePort.rt (https://uiverse.io/assets/index-CF-y004k.js:9:1930)
[    3206ms] Error: Minified React error #418; visit https://reactjs.org/docs/error-decoder.html?invariant=418 for the full message or use the non-minified dev environment for full errors and additional helpful warnings.
    at si (https://uiverse.io/assets/index-CF-y004k.js:22:4788)
    at ya (https://uiverse.io/assets/index-CF-y004k.js:24:45264)
    at va (https://uiverse.io/assets/index-CF-y004k.js:24:39499)
    at kf (https://uiverse.io/assets/index-CF-y004k.js:24:39430)
    at Qr (https://uiverse.io/assets/index-CF-y004k.js:24:39289)
    at da (https://uiverse.io/assets/index-CF-y004k.js:24:34440)
    at E (https://uiverse.io/assets/index-CF-y004k.js:9:1562)
    at MessagePort.rt (https://uiverse.io/assets/index-CF-y004k.js:9:1930)
[    3206ms] Error: Minified React error #418; visit https://reactjs.org/docs/error-decoder.html?invariant=418 for the full message or use the non-minified dev environment for full errors and additional helpful warnings.
    at si (https://uiverse.io/assets/index-CF-y004k.js:22:4788)
    at ya (https://uiverse.io/assets/index-CF-y004k.js:24:45264)
    at va (https://uiverse.io/assets/index-CF-y004k.js:24:39499)
    at kf (https://uiverse.io/assets/index-CF-y004k.js:24:39430)
    at Qr (https://uiverse.io/assets/index-CF-y004k.js:24:39289)
    at da (https://uiverse.io/assets/index-CF-y004k.js:24:34440)
    at E (https://uiverse.io/assets/index-CF-y004k.js:9:1562)
    at MessagePort.rt (https://uiverse.io/assets/index-CF-y004k.js:9:1930)
[    3206ms] Error: Minified React error #418; visit https://reactjs.org/docs/error-decoder.html?invariant=418 for the full message or use the non-minified dev environment for full errors and additional helpful warnings.
    at si (https://uiverse.io/assets/index-CF-y004k.js:22:4788)
    at ya (https://uiverse.io/assets/index-CF-y004k.js:24:45264)
    at va (https://uiverse.io/assets/index-CF-y004k.js:24:39499)
    at kf (https://uiverse.io/assets/index-CF-y004k.js:24:39430)
    at Qr (https://uiverse.io/assets/index-CF-y004k.js:24:39289)
    at da (https://uiverse.io/assets/index-CF-y004k.js:24:34440)
    at E (https://uiverse.io/assets/index-CF-y004k.js:9:1562)
    at MessagePort.rt (https://uiverse.io/assets/index-CF-y004k.js:9:1930)
[    3206ms] Error: Minified React error #418; visit https://reactjs.org/docs/error-decoder.html?invariant=418 for the full message or use the non-minified dev environment for full errors and additional helpful warnings.
    at si (https://uiverse.io/assets/index-CF-y004k.js:22:4788)
    at ya (https://uiverse.io/assets/index-CF-y004k.js:24:45264)
    at va (https://uiverse.io/assets/index-CF-y004k.js:24:39499)
    at kf (https://uiverse.io/assets/index-CF-y004k.js:24:39430)
    at Qr (https://uiverse.io/assets/index-CF-y004k.js:24:39289)
    at da (https://uiverse.io/assets/index-CF-y004k.js:24:34440)
    at E (https://uiverse.io/assets/index-CF-y004k.js:9:1562)
    at MessagePort.rt (https://uiverse.io/assets/index-CF-y004k.js:9:1930)
[    3206ms] Error: Minified React error #418; visit https://reactjs.org/docs/error-decoder.html?invariant=418 for the full message or use the non-minified dev environment for full errors and additional helpful warnings.
    at si (https://uiverse.io/assets/index-CF-y004k.js:22:4788)
    at ya (https://uiverse.io/assets/index-CF-y004k.js:24:45264)
    at va (https://uiverse.io/assets/index-CF-y004k.js:24:39499)
    at kf (https://uiverse.io/assets/index-CF-y004k.js:24:39430)
    at Qr (https://uiverse.io/assets/index-CF-y004k.js:24:39289)
    at da (https://uiverse.io/assets/index-CF-y004k.js:24:34440)
    at E (https://uiverse.io/assets/index-CF-y004k.js:9:1562)
    at MessagePort.rt (https://uiverse.io/assets/index-CF-y004k.js:9:1930)
[    3206ms] Error: Minified React error #418; visit https://reactjs.org/docs/error-decoder.html?invariant=418 for the full message or use the non-minified dev environment for full errors and additional helpful warnings.
    at si (https://uiverse.io/assets/index-CF-y004k.js:22:4788)
    at ya (https://uiverse.io/assets/index-CF-y004k.js:24:45264)
    at va (https://uiverse.io/assets/index-CF-y004k.js:24:39499)
    at kf (https://uiverse.io/assets/index-CF-y004k.js:24:39430)
    at Qr (https://uiverse.io/assets/index-CF-y004k.js:24:39289)
    at da (https://uiverse.io/assets/index-CF-y004k.js:24:34440)
    at E (https://uiverse.io/assets/index-CF-y004k.js:9:1562)
    at MessagePort.rt (https://uiverse.io/assets/index-CF-y004k.js:9:1930)
[    3206ms] Error: Minified React error #418; visit https://reactjs.org/docs/error-decoder.html?invariant=418 for the full message or use the non-minified dev environment for full errors and additional helpful warnings.
    at si (https://uiverse.io/assets/index-CF-y004k.js:22:4788)
    at ya (https://uiverse.io/assets/index-CF-y004k.js:24:45264)
    at va (https://uiverse.io/assets/index-CF-y004k.js:24:39499)
    at kf (https://uiverse.io/assets/index-CF-y004k.js:24:39430)
    at Qr (https://uiverse.io/assets/index-CF-y004k.js:24:39289)
    at da (https://uiverse.io/assets/index-CF-y004k.js:24:34440)
    at E (https://uiverse.io/assets/index-CF-y004k.js:9:1562)
    at MessagePort.rt (https://uiverse.io/assets/index-CF-y004k.js:9:1930)
[    3206ms] Error: Minified React error #418; visit https://reactjs.org/docs/error-decoder.html?invariant=418 for the full message or use the non-minified dev environment for full errors and additional helpful warnings.
    at si (https://uiverse.io/assets/index-CF-y004k.js:22:4788)
    at ya (https://uiverse.io/assets/index-CF-y004k.js:24:45264)
    at va (https://uiverse.io/assets/index-CF-y004k.js:24:39499)
    at kf (https://uiverse.io/assets/index-CF-y004k.js:24:39430)
    at Qr (https://uiverse.io/assets/index-CF-y004k.js:24:39289)
    at da (https://uiverse.io/assets/index-CF-y004k.js:24:34440)
    at E (https://uiverse.io/assets/index-CF-y004k.js:9:1562)
    at MessagePort.rt (https://uiverse.io/assets/index-CF-y004k.js:9:1930)
[    3206ms] Error: Minified React error #418; visit https://reactjs.org/docs/error-decoder.html?invariant=418 for the full message or use the non-minified dev environment for full errors and additional helpful warnings.
    at si (https://uiverse.io/assets/index-CF-y004k.js:22:4788)
    at ya (https://uiverse.io/assets/index-CF-y004k.js:24:45264)
    at va (https://uiverse.io/assets/index-CF-y004k.js:24:39499)
    at kf (https://uiverse.io/assets/index-CF-y004k.js:24:39430)
    at Qr (https://uiverse.io/assets/index-CF-y004k.js:24:39289)
    at da (https://uiverse.io/assets/index-CF-y004k.js:24:34440)
    at E (https://uiverse.io/assets/index-CF-y004k.js:9:1562)
    at MessagePort.rt (https://uiverse.io/assets/index-CF-y004k.js:9:1930)
[    3206ms] Error: Minified React error #418; visit https://reactjs.org/docs/error-decoder.html?invariant=418 for the full message or use the non-minified dev environment for full errors and additional helpful warnings.
    at si (https://uiverse.io/assets/index-CF-y004k.js:22:4788)
    at ya (https://uiverse.io/assets/index-CF-y004k.js:24:45264)
    at va (https://uiverse.io/assets/index-CF-y004k.js:24:39499)
    at kf (https://uiverse.io/assets/index-CF-y004k.js:24:39430)
    at Qr (https://uiverse.io/assets/index-CF-y004k.js:24:39289)
    at da (https://uiverse.io/assets/index-CF-y004k.js:24:34440)
    at E (https://uiverse.io/assets/index-CF-y004k.js:9:1562)
    at MessagePort.rt (https://uiverse.io/assets/index-CF-y004k.js:9:1930)
[    3207ms] Error: Minified React error #418; visit https://reactjs.org/docs/error-decoder.html?invariant=418 for the full message or use the non-minified dev environment for full errors and additional helpful warnings.
    at si (https://uiverse.io/assets/index-CF-y004k.js:22:4788)
    at ya (https://uiverse.io/assets/index-CF-y004k.js:24:45264)
    at va (https://uiverse.io/assets/index-CF-y004k.js:24:39499)
    at kf (https://uiverse.io/assets/index-CF-y004k.js:24:39430)
    at Qr (https://uiverse.io/assets/index-CF-y004k.js:24:39289)
    at da (https://uiverse.io/assets/index-CF-y004k.js:24:34440)
    at E (https://uiverse.io/assets/index-CF-y004k.js:9:1562)
    at MessagePort.rt (https://uiverse.io/assets/index-CF-y004k.js:9:1930)
[    3207ms] Error: Minified React error #418; visit https://reactjs.org/docs/error-decoder.html?invariant=418 for the full message or use the non-minified dev environment for full errors and additional helpful warnings.
    at si (https://uiverse.io/assets/index-CF-y004k.js:22:4788)
    at ya (https://uiverse.io/assets/index-CF-y004k.js:24:45264)
    at va (https://uiverse.io/assets/index-CF-y004k.js:24:39499)
    at kf (https://uiverse.io/assets/index-CF-y004k.js:24:39430)
    at Qr (https://uiverse.io/assets/index-CF-y004k.js:24:39289)
    at da (https://uiverse.io/assets/index-CF-y004k.js:24:34440)
    at E (https://uiverse.io/assets/index-CF-y004k.js:9:1562)
    at MessagePort.rt (https://uiverse.io/assets/index-CF-y004k.js:9:1930)
[    3207ms] Error: Minified React error #418; visit https://reactjs.org/docs/error-decoder.html?invariant=418 for the full message or use the non-minified dev environment for full errors and additional helpful warnings.
    at si (https://uiverse.io/assets/index-CF-y004k.js:22:4788)
    at ya (https://uiverse.io/assets/index-CF-y004k.js:24:45264)
    at va (https://uiverse.io/assets/index-CF-y004k.js:24:39499)
    at kf (https://uiverse.io/assets/index-CF-y004k.js:24:39430)
    at Qr (https://uiverse.io/assets/index-CF-y004k.js:24:39289)
    at da (https://uiverse.io/assets/index-CF-y004k.js:24:34440)
    at E (https://uiverse.io/assets/index-CF-y004k.js:9:1562)
    at MessagePort.rt (https://uiverse.io/assets/index-CF-y004k.js:9:1930)
[    3207ms] Error: Minified React error #418; visit https://reactjs.org/docs/error-decoder.html?invariant=418 for the full message or use the non-minified dev environment for full errors and additional helpful warnings.
    at si (https://uiverse.io/assets/index-CF-y004k.js:22:4788)
    at ya (https://uiverse.io/assets/index-CF-y004k.js:24:45264)
    at va (https://uiverse.io/assets/index-CF-y004k.js:24:39499)
    at kf (https://uiverse.io/assets/index-CF-y004k.js:24:39430)
    at Qr (https://uiverse.io/assets/index-CF-y004k.js:24:39289)
    at da (https://uiverse.io/assets/index-CF-y004k.js:24:34440)
    at E (https://uiverse.io/assets/index-CF-y004k.js:9:1562)
    at MessagePort.rt (https://uiverse.io/assets/index-CF-y004k.js:9:1930)
[    3207ms] Error: Minified React error #418; visit https://reactjs.org/docs/error-decoder.html?invariant=418 for the full message or use the non-minified dev environment for full errors and additional helpful warnings.
    at si (https://uiverse.io/assets/index-CF-y004k.js:22:4788)
    at ya (https://uiverse.io/assets/index-CF-y004k.js:24:45264)
    at va (https://uiverse.io/assets/index-CF-y004k.js:24:39499)
    at kf (https://uiverse.io/assets/index-CF-y004k.js:24:39430)
    at Qr (https://uiverse.io/assets/index-CF-y004k.js:24:39289)
    at da (https://uiverse.io/assets/index-CF-y004k.js:24:34440)
    at E (https://uiverse.io/assets/index-CF-y004k.js:9:1562)
    at MessagePort.rt (https://uiverse.io/assets/index-CF-y004k.js:9:1930)
[    3208ms] Error: Minified React error #418; visit https://reactjs.org/docs/error-decoder.html?invariant=418 for the full message or use the non-minified dev environment for full errors and additional helpful warnings.
    at si (https://uiverse.io/assets/index-CF-y004k.js:22:4788)
    at ya (https://uiverse.io/assets/index-CF-y004k.js:24:45264)
    at va (https://uiverse.io/assets/index-CF-y004k.js:24:39499)
    at kf (https://uiverse.io/assets/index-CF-y004k.js:24:39430)
    at Qr (https://uiverse.io/assets/index-CF-y004k.js:24:39289)
    at da (https://uiverse.io/assets/index-CF-y004k.js:24:34440)
    at E (https://uiverse.io/assets/index-CF-y004k.js:9:1562)
    at MessagePort.rt (https://uiverse.io/assets/index-CF-y004k.js:9:1930)
[    3208ms] Error: Minified React error #418; visit https://reactjs.org/docs/error-decoder.html?invariant=418 for the full message or use the non-minified dev environment for full errors and additional helpful warnings.
    at si (https://uiverse.io/assets/index-CF-y004k.js:22:4788)
    at ya (https://uiverse.io/assets/index-CF-y004k.js:24:45264)
    at va (https://uiverse.io/assets/index-CF-y004k.js:24:39499)
    at kf (https://uiverse.io/assets/index-CF-y004k.js:24:39430)
    at Qr (https://uiverse.io/assets/index-CF-y004k.js:24:39289)
    at da (https://uiverse.io/assets/index-CF-y004k.js:24:34440)
    at E (https://uiverse.io/assets/index-CF-y004k.js:9:1562)
    at MessagePort.rt (https://uiverse.io/assets/index-CF-y004k.js:9:1930)
[    3208ms] Error: Minified React error #418; visit https://reactjs.org/docs/error-decoder.html?invariant=418 for the full message or use the non-minified dev environment for full errors and additional helpful warnings.
    at si (https://uiverse.io/assets/index-CF-y004k.js:22:4788)
    at ya (https://uiverse.io/assets/index-CF-y004k.js:24:45264)
    at va (https://uiverse.io/assets/index-CF-y004k.js:24:39499)
    at kf (https://uiverse.io/assets/index-CF-y004k.js:24:39430)
    at Qr (https://uiverse.io/assets/index-CF-y004k.js:24:39289)
    at da (https://uiverse.io/assets/index-CF-y004k.js:24:34440)
    at E (https://uiverse.io/assets/index-CF-y004k.js:9:1562)
    at MessagePort.rt (https://uiverse.io/assets/index-CF-y004k.js:9:1930)
[    3208ms] Error: Minified React error #418; visit https://reactjs.org/docs/error-decoder.html?invariant=418 for the full message or use the non-minified dev environment for full errors and additional helpful warnings.
    at si (https://uiverse.io/assets/index-CF-y004k.js:22:4788)
    at ya (https://uiverse.io/assets/index-CF-y004k.js:24:45264)
    at va (https://uiverse.io/assets/index-CF-y004k.js:24:39499)
    at kf (https://uiverse.io/assets/index-CF-y004k.js:24:39430)
    at Qr (https://uiverse.io/assets/index-CF-y004k.js:24:39289)
    at da (https://uiverse.io/assets/index-CF-y004k.js:24:34440)
    at E (https://uiverse.io/assets/index-CF-y004k.js:9:1562)
    at MessagePort.rt (https://uiverse.io/assets/index-CF-y004k.js:9:1930)
[    3208ms] Error: Minified React error #418; visit https://reactjs.org/docs/error-decoder.html?invariant=418 for the full message or use the non-minified dev environment for full errors and additional helpful warnings.
    at si (https://uiverse.io/assets/index-CF-y004k.js:22:4788)
    at ya (https://uiverse.io/assets/index-CF-y004k.js:24:45264)
    at va (https://uiverse.io/assets/index-CF-y004k.js:24:39499)
    at kf (https://uiverse.io/assets/index-CF-y004k.js:24:39430)
    at Qr (https://uiverse.io/assets/index-CF-y004k.js:24:39289)
    at da (https://uiverse.io/assets/index-CF-y004k.js:24:34440)
    at E (https://uiverse.io/assets/index-CF-y004k.js:9:1562)
    at MessagePort.rt (https://uiverse.io/assets/index-CF-y004k.js:9:1930)
[    3208ms] Error: Minified React error #418; visit https://reactjs.org/docs/error-decoder.html?invariant=418 for the full message or use the non-minified dev environment for full errors and additional helpful warnings.
    at si (https://uiverse.io/assets/index-CF-y004k.js:22:4788)
    at ya (https://uiverse.io/assets/index-CF-y004k.js:24:45264)
    at va (https://uiverse.io/assets/index-CF-y004k.js:24:39499)
    at kf (https://uiverse.io/assets/index-CF-y004k.js:24:39430)
    at Qr (https://uiverse.io/assets/index-CF-y004k.js:24:39289)
    at da (https://uiverse.io/assets/index-CF-y004k.js:24:34440)
    at E (https://uiverse.io/assets/index-CF-y004k.js:9:1562)
    at MessagePort.rt (https://uiverse.io/assets/index-CF-y004k.js:9:1930)
[    3208ms] Error: Minified React error #418; visit https://reactjs.org/docs/error-decoder.html?invariant=418 for the full message or use the non-minified dev environment for full errors and additional helpful warnings.
    at si (https://uiverse.io/assets/index-CF-y004k.js:22:4788)
    at ya (https://uiverse.io/assets/index-CF-y004k.js:24:45264)
    at va (https://uiverse.io/assets/index-CF-y004k.js:24:39499)
    at kf (https://uiverse.io/assets/index-CF-y004k.js:24:39430)
    at Qr (https://uiverse.io/assets/index-CF-y004k.js:24:39289)
    at da (https://uiverse.io/assets/index-CF-y004k.js:24:34440)
    at E (https://uiverse.io/assets/index-CF-y004k.js:9:1562)
    at MessagePort.rt (https://uiverse.io/assets/index-CF-y004k.js:9:1930)
[    3208ms] Error: Minified React error #418; visit https://reactjs.org/docs/error-decoder.html?invariant=418 for the full message or use the non-minified dev environment for full errors and additional helpful warnings.
    at si (https://uiverse.io/assets/index-CF-y004k.js:22:4788)
    at ya (https://uiverse.io/assets/index-CF-y004k.js:24:45264)
    at va (https://uiverse.io/assets/index-CF-y004k.js:24:39499)
    at kf (https://uiverse.io/assets/index-CF-y004k.js:24:39430)
    at Qr (https://uiverse.io/assets/index-CF-y004k.js:24:39289)
    at da (https://uiverse.io/assets/index-CF-y004k.js:24:34440)
    at E (https://uiverse.io/assets/index-CF-y004k.js:9:1562)
    at MessagePort.rt (https://uiverse.io/assets/index-CF-y004k.js:9:1930)
[    3209ms] Error: Minified React error #418; visit https://reactjs.org/docs/error-decoder.html?invariant=418 for the full message or use the non-minified dev environment for full errors and additional helpful warnings.
    at si (https://uiverse.io/assets/index-CF-y004k.js:22:4788)
    at ya (https://uiverse.io/assets/index-CF-y004k.js:24:45264)
    at va (https://uiverse.io/assets/index-CF-y004k.js:24:39499)
    at kf (https://uiverse.io/assets/index-CF-y004k.js:24:39430)
    at Qr (https://uiverse.io/assets/index-CF-y004k.js:24:39289)
    at da (https://uiverse.io/assets/index-CF-y004k.js:24:34440)
    at E (https://uiverse.io/assets/index-CF-y004k.js:9:1562)
    at MessagePort.rt (https://uiverse.io/assets/index-CF-y004k.js:9:1930)
[    3209ms] Error: Minified React error #418; visit https://reactjs.org/docs/error-decoder.html?invariant=418 for the full message or use the non-minified dev environment for full errors and additional helpful warnings.
    at si (https://uiverse.io/assets/index-CF-y004k.js:22:4788)
    at ya (https://uiverse.io/assets/index-CF-y004k.js:24:45264)
    at va (https://uiverse.io/assets/index-CF-y004k.js:24:39499)
    at kf (https://uiverse.io/assets/index-CF-y004k.js:24:39430)
    at Qr (https://uiverse.io/assets/index-CF-y004k.js:24:39289)
    at da (https://uiverse.io/assets/index-CF-y004k.js:24:34440)
    at E (https://uiverse.io/assets/index-CF-y004k.js:9:1562)
    at MessagePort.rt (https://uiverse.io/assets/index-CF-y004k.js:9:1930)
[    3209ms] Error: Minified React error #418; visit https://reactjs.org/docs/error-decoder.html?invariant=418 for the full message or use the non-minified dev environment for full errors and additional helpful warnings.
    at si (https://uiverse.io/assets/index-CF-y004k.js:22:4788)
    at ya (https://uiverse.io/assets/index-CF-y004k.js:24:45264)
    at va (https://uiverse.io/assets/index-CF-y004k.js:24:39499)
    at kf (https://uiverse.io/assets/index-CF-y004k.js:24:39430)
    at Qr (https://uiverse.io/assets/index-CF-y004k.js:24:39289)
    at da (https://uiverse.io/assets/index-CF-y004k.js:24:34440)
    at E (https://uiverse.io/assets/index-CF-y004k.js:9:1562)
    at MessagePort.rt (https://uiverse.io/assets/index-CF-y004k.js:9:1930)
[    3209ms] Error: Minified React error #418; visit https://reactjs.org/docs/error-decoder.html?invariant=418 for the full message or use the non-minified dev environment for full errors and additional helpful warnings.
    at si (https://uiverse.io/assets/index-CF-y004k.js:22:4788)
    at ya (https://uiverse.io/assets/index-CF-y004k.js:24:45264)
    at va (https://uiverse.io/assets/index-CF-y004k.js:24:39499)
    at kf (https://uiverse.io/assets/index-CF-y004k.js:24:39430)
    at Qr (https://uiverse.io/assets/index-CF-y004k.js:24:39289)
    at da (https://uiverse.io/assets/index-CF-y004k.js:24:34440)
    at E (https://uiverse.io/assets/index-CF-y004k.js:9:1562)
    at MessagePort.rt (https://uiverse.io/assets/index-CF-y004k.js:9:1930)
[    3209ms] Error: Minified React error #418; visit https://reactjs.org/docs/error-decoder.html?invariant=418 for the full message or use the non-minified dev environment for full errors and additional helpful warnings.
    at si (https://uiverse.io/assets/index-CF-y004k.js:22:4788)
    at ya (https://uiverse.io/assets/index-CF-y004k.js:24:45264)
    at va (https://uiverse.io/assets/index-CF-y004k.js:24:39499)
    at kf (https://uiverse.io/assets/index-CF-y004k.js:24:39430)
    at Qr (https://uiverse.io/assets/index-CF-y004k.js:24:39289)
    at da (https://uiverse.io/assets/index-CF-y004k.js:24:34440)
    at E (https://uiverse.io/assets/index-CF-y004k.js:9:1562)
    at MessagePort.rt (https://uiverse.io/assets/index-CF-y004k.js:9:1930)
[    3209ms] Error: Minified React error #418; visit https://reactjs.org/docs/error-decoder.html?invariant=418 for the full message or use the non-minified dev environment for full errors and additional helpful warnings.
    at si (https://uiverse.io/assets/index-CF-y004k.js:22:4788)
    at ya (https://uiverse.io/assets/index-CF-y004k.js:24:45264)
    at va (https://uiverse.io/assets/index-CF-y004k.js:24:39499)
    at kf (https://uiverse.io/assets/index-CF-y004k.js:24:39430)
    at Qr (https://uiverse.io/assets/index-CF-y004k.js:24:39289)
    at da (https://uiverse.io/assets/index-CF-y004k.js:24:34440)
    at E (https://uiverse.io/assets/index-CF-y004k.js:9:1562)
    at MessagePort.rt (https://uiverse.io/assets/index-CF-y004k.js:9:1930)
[    3210ms] Error: Minified React error #418; visit https://reactjs.org/docs/error-decoder.html?invariant=418 for the full message or use the non-minified dev environment for full errors and additional helpful warnings.
    at si (https://uiverse.io/assets/index-CF-y004k.js:22:4788)
    at ya (https://uiverse.io/assets/index-CF-y004k.js:24:45264)
    at va (https://uiverse.io/assets/index-CF-y004k.js:24:39499)
    at kf (https://uiverse.io/assets/index-CF-y004k.js:24:39430)
    at Qr (https://uiverse.io/assets/index-CF-y004k.js:24:39289)
    at da (https://uiverse.io/assets/index-CF-y004k.js:24:34440)
    at E (https://uiverse.io/assets/index-CF-y004k.js:9:1562)
    at MessagePort.rt (https://uiverse.io/assets/index-CF-y004k.js:9:1930)
[    3210ms] Error: Minified React error #418; visit https://reactjs.org/docs/error-decoder.html?invariant=418 for the full message or use the non-minified dev environment for full errors and additional helpful warnings.
    at si (https://uiverse.io/assets/index-CF-y004k.js:22:4788)
    at ya (https://uiverse.io/assets/index-CF-y004k.js:24:45264)
    at va (https://uiverse.io/assets/index-CF-y004k.js:24:39499)
    at kf (https://uiverse.io/assets/index-CF-y004k.js:24:39430)
    at Qr (https://uiverse.io/assets/index-CF-y004k.js:24:39289)
    at da (https://uiverse.io/assets/index-CF-y004k.js:24:34440)
    at E (https://uiverse.io/assets/index-CF-y004k.js:9:1562)
    at MessagePort.rt (https://uiverse.io/assets/index-CF-y004k.js:9:1930)
[    3210ms] Error: Minified React error #418; visit https://reactjs.org/docs/error-decoder.html?invariant=418 for the full message or use the non-minified dev environment for full errors and additional helpful warnings.
    at si (https://uiverse.io/assets/index-CF-y004k.js:22:4788)
    at ya (https://uiverse.io/assets/index-CF-y004k.js:24:45264)
    at va (https://uiverse.io/assets/index-CF-y004k.js:24:39499)
    at kf (https://uiverse.io/assets/index-CF-y004k.js:24:39430)
    at Qr (https://uiverse.io/assets/index-CF-y004k.js:24:39289)
    at da (https://uiverse.io/assets/index-CF-y004k.js:24:34440)
    at E (https://uiverse.io/assets/index-CF-y004k.js:9:1562)
    at MessagePort.rt (https://uiverse.io/assets/index-CF-y004k.js:9:1930)
[    3217ms] Error: Minified React error #418; visit https://reactjs.org/docs/error-decoder.html?invariant=418 for the full message or use the non-minified dev environment for full errors and additional helpful warnings.
    at si (https://uiverse.io/assets/index-CF-y004k.js:22:4788)
    at ya (https://uiverse.io/assets/index-CF-y004k.js:24:45264)
    at va (https://uiverse.io/assets/index-CF-y004k.js:24:39499)
    at kf (https://uiverse.io/assets/index-CF-y004k.js:24:39430)
    at Qr (https://uiverse.io/assets/index-CF-y004k.js:24:39289)
    at da (https://uiverse.io/assets/index-CF-y004k.js:24:34440)
    at E (https://uiverse.io/assets/index-CF-y004k.js:9:1562)
    at MessagePort.rt (https://uiverse.io/assets/index-CF-y004k.js:9:1930)
[    3217ms] Error: Minified React error #418; visit https://reactjs.org/docs/error-decoder.html?invariant=418 for the full message or use the non-minified dev environment for full errors and additional helpful warnings.
    at si (https://uiverse.io/assets/index-CF-y004k.js:22:4788)
    at ya (https://uiverse.io/assets/index-CF-y004k.js:24:45264)
    at va (https://uiverse.io/assets/index-CF-y004k.js:24:39499)
    at kf (https://uiverse.io/assets/index-CF-y004k.js:24:39430)
    at Qr (https://uiverse.io/assets/index-CF-y004k.js:24:39289)
    at da (https://uiverse.io/assets/index-CF-y004k.js:24:34440)
    at E (https://uiverse.io/assets/index-CF-y004k.js:9:1562)
    at MessagePort.rt (https://uiverse.io/assets/index-CF-y004k.js:9:1930)
[    3218ms] Error: Minified React error #418; visit https://reactjs.org/docs/error-decoder.html?invariant=418 for the full message or use the non-minified dev environment for full errors and additional helpful warnings.
    at si (https://uiverse.io/assets/index-CF-y004k.js:22:4788)
    at ya (https://uiverse.io/assets/index-CF-y004k.js:24:45264)
    at va (https://uiverse.io/assets/index-CF-y004k.js:24:39499)
    at kf (https://uiverse.io/assets/index-CF-y004k.js:24:39430)
    at Qr (https://uiverse.io/assets/index-CF-y004k.js:24:39289)
    at da (https://uiverse.io/assets/index-CF-y004k.js:24:34440)
    at E (https://uiverse.io/assets/index-CF-y004k.js:9:1562)
    at MessagePort.rt (https://uiverse.io/assets/index-CF-y004k.js:9:1930)
[    3218ms] Error: Minified React error #418; visit https://reactjs.org/docs/error-decoder.html?invariant=418 for the full message or use the non-minified dev environment for full errors and additional helpful warnings.
    at si (https://uiverse.io/assets/index-CF-y004k.js:22:4788)
    at ya (https://uiverse.io/assets/index-CF-y004k.js:24:45264)
    at va (https://uiverse.io/assets/index-CF-y004k.js:24:39499)
    at kf (https://uiverse.io/assets/index-CF-y004k.js:24:39430)
    at Qr (https://uiverse.io/assets/index-CF-y004k.js:24:39289)
    at da (https://uiverse.io/assets/index-CF-y004k.js:24:34440)
    at E (https://uiverse.io/assets/index-CF-y004k.js:9:1562)
    at MessagePort.rt (https://uiverse.io/assets/index-CF-y004k.js:9:1930)
[    3218ms] Error: Minified React error #418; visit https://reactjs.org/docs/error-decoder.html?invariant=418 for the full message or use the non-minified dev environment for full errors and additional helpful warnings.
    at si (https://uiverse.io/assets/index-CF-y004k.js:22:4788)
    at ya (https://uiverse.io/assets/index-CF-y004k.js:24:45264)
    at va (https://uiverse.io/assets/index-CF-y004k.js:24:39499)
    at kf (https://uiverse.io/assets/index-CF-y004k.js:24:39430)
    at Qr (https://uiverse.io/assets/index-CF-y004k.js:24:39289)
    at da (https://uiverse.io/assets/index-CF-y004k.js:24:34440)
    at E (https://uiverse.io/assets/index-CF-y004k.js:9:1562)
    at MessagePort.rt (https://uiverse.io/assets/index-CF-y004k.js:9:1930)
[    3218ms] Error: Minified React error #418; visit https://reactjs.org/docs/error-decoder.html?invariant=418 for the full message or use the non-minified dev environment for full errors and additional helpful warnings.
    at si (https://uiverse.io/assets/index-CF-y004k.js:22:4788)
    at ya (https://uiverse.io/assets/index-CF-y004k.js:24:45264)
    at va (https://uiverse.io/assets/index-CF-y004k.js:24:39499)
    at kf (https://uiverse.io/assets/index-CF-y004k.js:24:39430)
    at Qr (https://uiverse.io/assets/index-CF-y004k.js:24:39289)
    at da (https://uiverse.io/assets/index-CF-y004k.js:24:34440)
    at E (https://uiverse.io/assets/index-CF-y004k.js:9:1562)
    at MessagePort.rt (https://uiverse.io/assets/index-CF-y004k.js:9:1930)
[    3218ms] Error: Minified React error #418; visit https://reactjs.org/docs/error-decoder.html?invariant=418 for the full message or use the non-minified dev environment for full errors and additional helpful warnings.
    at si (https://uiverse.io/assets/index-CF-y004k.js:22:4788)
    at ya (https://uiverse.io/assets/index-CF-y004k.js:24:45264)
    at va (https://uiverse.io/assets/index-CF-y004k.js:24:39499)
    at kf (https://uiverse.io/assets/index-CF-y004k.js:24:39430)
    at Qr (https://uiverse.io/assets/index-CF-y004k.js:24:39289)
    at da (https://uiverse.io/assets/index-CF-y004k.js:24:34440)
    at E (https://uiverse.io/assets/index-CF-y004k.js:9:1562)
    at MessagePort.rt (https://uiverse.io/assets/index-CF-y004k.js:9:1930)
[    3218ms] Error: Minified React error #418; visit https://reactjs.org/docs/error-decoder.html?invariant=418 for the full message or use the non-minified dev environment for full errors and additional helpful warnings.
    at si (https://uiverse.io/assets/index-CF-y004k.js:22:4788)
    at ya (https://uiverse.io/assets/index-CF-y004k.js:24:45264)
    at va (https://uiverse.io/assets/index-CF-y004k.js:24:39499)
    at kf (https://uiverse.io/assets/index-CF-y004k.js:24:39430)
    at Qr (https://uiverse.io/assets/index-CF-y004k.js:24:39289)
    at da (https://uiverse.io/assets/index-CF-y004k.js:24:34440)
    at E (https://uiverse.io/assets/index-CF-y004k.js:9:1562)
    at MessagePort.rt (https://uiverse.io/assets/index-CF-y004k.js:9:1930)
[    3218ms] Error: Minified React error #418; visit https://reactjs.org/docs/error-decoder.html?invariant=418 for the full message or use the non-minified dev environment for full errors and additional helpful warnings.
    at si (https://uiverse.io/assets/index-CF-y004k.js:22:4788)
    at ya (https://uiverse.io/assets/index-CF-y004k.js:24:45264)
    at va (https://uiverse.io/assets/index-CF-y004k.js:24:39499)
    at kf (https://uiverse.io/assets/index-CF-y004k.js:24:39430)
    at Qr (https://uiverse.io/assets/index-CF-y004k.js:24:39289)
    at da (https://uiverse.io/assets/index-CF-y004k.js:24:34440)
    at E (https://uiverse.io/assets/index-CF-y004k.js:9:1562)
    at MessagePort.rt (https://uiverse.io/assets/index-CF-y004k.js:9:1930)
[    3218ms] Error: Minified React error #418; visit https://reactjs.org/docs/error-decoder.html?invariant=418 for the full message or use the non-minified dev environment for full errors and additional helpful warnings.
    at si (https://uiverse.io/assets/index-CF-y004k.js:22:4788)
    at ya (https://uiverse.io/assets/index-CF-y004k.js:24:45264)
    at va (https://uiverse.io/assets/index-CF-y004k.js:24:39499)
    at kf (https://uiverse.io/assets/index-CF-y004k.js:24:39430)
    at Qr (https://uiverse.io/assets/index-CF-y004k.js:24:39289)
    at da (https://uiverse.io/assets/index-CF-y004k.js:24:34440)
    at E (https://uiverse.io/assets/index-CF-y004k.js:9:1562)
    at MessagePort.rt (https://uiverse.io/assets/index-CF-y004k.js:9:1930)
[    3218ms] Error: Minified React error #418; visit https://reactjs.org/docs/error-decoder.html?invariant=418 for the full message or use the non-minified dev environment for full errors and additional helpful warnings.
    at si (https://uiverse.io/assets/index-CF-y004k.js:22:4788)
    at ya (https://uiverse.io/assets/index-CF-y004k.js:24:45264)
    at va (https://uiverse.io/assets/index-CF-y004k.js:24:39499)
    at kf (https://uiverse.io/assets/index-CF-y004k.js:24:39430)
    at Qr (https://uiverse.io/assets/index-CF-y004k.js:24:39289)
    at da (https://uiverse.io/assets/index-CF-y004k.js:24:34440)
    at E (https://uiverse.io/assets/index-CF-y004k.js:9:1562)
    at MessagePort.rt (https://uiverse.io/assets/index-CF-y004k.js:9:1930)
[    3218ms] Error: Minified React error #418; visit https://reactjs.org/docs/error-decoder.html?invariant=418 for the full message or use the non-minified dev environment for full errors and additional helpful warnings.
    at si (https://uiverse.io/assets/index-CF-y004k.js:22:4788)
    at ya (https://uiverse.io/assets/index-CF-y004k.js:24:45264)
    at va (https://uiverse.io/assets/index-CF-y004k.js:24:39499)
    at kf (https://uiverse.io/assets/index-CF-y004k.js:24:39430)
    at Qr (https://uiverse.io/assets/index-CF-y004k.js:24:39289)
    at da (https://uiverse.io/assets/index-CF-y004k.js:24:34440)
    at E (https://uiverse.io/assets/index-CF-y004k.js:9:1562)
    at MessagePort.rt (https://uiverse.io/assets/index-CF-y004k.js:9:1930)
[    3218ms] Error: Minified React error #418; visit https://reactjs.org/docs/error-decoder.html?invariant=418 for the full message or use the non-minified dev environment for full errors and additional helpful warnings.
    at si (https://uiverse.io/assets/index-CF-y004k.js:22:4788)
    at ya (https://uiverse.io/assets/index-CF-y004k.js:24:45264)
    at va (https://uiverse.io/assets/index-CF-y004k.js:24:39499)
    at kf (https://uiverse.io/assets/index-CF-y004k.js:24:39430)
    at Qr (https://uiverse.io/assets/index-CF-y004k.js:24:39289)
    at da (https://uiverse.io/assets/index-CF-y004k.js:24:34440)
    at E (https://uiverse.io/assets/index-CF-y004k.js:9:1562)
    at MessagePort.rt (https://uiverse.io/assets/index-CF-y004k.js:9:1930)
[    3218ms] Error: Minified React error #418; visit https://reactjs.org/docs/error-decoder.html?invariant=418 for the full message or use the non-minified dev environment for full errors and additional helpful warnings.
    at si (https://uiverse.io/assets/index-CF-y004k.js:22:4788)
    at ya (https://uiverse.io/assets/index-CF-y004k.js:24:45264)
    at va (https://uiverse.io/assets/index-CF-y004k.js:24:39499)
    at kf (https://uiverse.io/assets/index-CF-y004k.js:24:39430)
    at Qr (https://uiverse.io/assets/index-CF-y004k.js:24:39289)
    at da (https://uiverse.io/assets/index-CF-y004k.js:24:34440)
    at E (https://uiverse.io/assets/index-CF-y004k.js:9:1562)
    at MessagePort.rt (https://uiverse.io/assets/index-CF-y004k.js:9:1930)
[    3218ms] Error: Minified React error #418; visit https://reactjs.org/docs/error-decoder.html?invariant=418 for the full message or use the non-minified dev environment for full errors and additional helpful warnings.
    at si (https://uiverse.io/assets/index-CF-y004k.js:22:4788)
    at ya (https://uiverse.io/assets/index-CF-y004k.js:24:45264)
    at va (https://uiverse.io/assets/index-CF-y004k.js:24:39499)
    at kf (https://uiverse.io/assets/index-CF-y004k.js:24:39430)
    at Qr (https://uiverse.io/assets/index-CF-y004k.js:24:39289)
    at da (https://uiverse.io/assets/index-CF-y004k.js:24:34440)
    at E (https://uiverse.io/assets/index-CF-y004k.js:9:1562)
    at MessagePort.rt (https://uiverse.io/assets/index-CF-y004k.js:9:1930)
[    3218ms] Error: Minified React error #418; visit https://reactjs.org/docs/error-decoder.html?invariant=418 for the full message or use the non-minified dev environment for full errors and additional helpful warnings.
    at si (https://uiverse.io/assets/index-CF-y004k.js:22:4788)
    at ya (https://uiverse.io/assets/index-CF-y004k.js:24:45264)
    at va (https://uiverse.io/assets/index-CF-y004k.js:24:39499)
    at kf (https://uiverse.io/assets/index-CF-y004k.js:24:39430)
    at Qr (https://uiverse.io/assets/index-CF-y004k.js:24:39289)
    at da (https://uiverse.io/assets/index-CF-y004k.js:24:34440)
    at E (https://uiverse.io/assets/index-CF-y004k.js:9:1562)
    at MessagePort.rt (https://uiverse.io/assets/index-CF-y004k.js:9:1930)
[    3219ms] Error: Minified React error #418; visit https://reactjs.org/docs/error-decoder.html?invariant=418 for the full message or use the non-minified dev environment for full errors and additional helpful warnings.
    at si (https://uiverse.io/assets/index-CF-y004k.js:22:4788)
    at ya (https://uiverse.io/assets/index-CF-y004k.js:24:45264)
    at va (https://uiverse.io/assets/index-CF-y004k.js:24:39499)
    at kf (https://uiverse.io/assets/index-CF-y004k.js:24:39430)
    at Qr (https://uiverse.io/assets/index-CF-y004k.js:24:39289)
    at da (https://uiverse.io/assets/index-CF-y004k.js:24:34440)
    at E (https://uiverse.io/assets/index-CF-y004k.js:9:1562)
    at MessagePort.rt (https://uiverse.io/assets/index-CF-y004k.js:9:1930)
[    3219ms] Error: Minified React error #418; visit https://reactjs.org/docs/error-decoder.html?invariant=418 for the full message or use the non-minified dev environment for full errors and additional helpful warnings.
    at si (https://uiverse.io/assets/index-CF-y004k.js:22:4788)
    at ya (https://uiverse.io/assets/index-CF-y004k.js:24:45264)
    at va (https://uiverse.io/assets/index-CF-y004k.js:24:39499)
    at kf (https://uiverse.io/assets/index-CF-y004k.js:24:39430)
    at Qr (https://uiverse.io/assets/index-CF-y004k.js:24:39289)
    at da (https://uiverse.io/assets/index-CF-y004k.js:24:34440)
    at E (https://uiverse.io/assets/index-CF-y004k.js:9:1562)
    at MessagePort.rt (https://uiverse.io/assets/index-CF-y004k.js:9:1930)
[    3219ms] Error: Minified React error #418; visit https://reactjs.org/docs/error-decoder.html?invariant=418 for the full message or use the non-minified dev environment for full errors and additional helpful warnings.
    at si (https://uiverse.io/assets/index-CF-y004k.js:22:4788)
    at ya (https://uiverse.io/assets/index-CF-y004k.js:24:45264)
    at va (https://uiverse.io/assets/index-CF-y004k.js:24:39499)
    at kf (https://uiverse.io/assets/index-CF-y004k.js:24:39430)
    at Qr (https://uiverse.io/assets/index-CF-y004k.js:24:39289)
    at da (https://uiverse.io/assets/index-CF-y004k.js:24:34440)
    at E (https://uiverse.io/assets/index-CF-y004k.js:9:1562)
    at MessagePort.rt (https://uiverse.io/assets/index-CF-y004k.js:9:1930)
[    3219ms] Error: Minified React error #418; visit https://reactjs.org/docs/error-decoder.html?invariant=418 for the full message or use the non-minified dev environment for full errors and additional helpful warnings.
    at si (https://uiverse.io/assets/index-CF-y004k.js:22:4788)
    at ya (https://uiverse.io/assets/index-CF-y004k.js:24:45264)
    at va (https://uiverse.io/assets/index-CF-y004k.js:24:39499)
    at kf (https://uiverse.io/assets/index-CF-y004k.js:24:39430)
    at Qr (https://uiverse.io/assets/index-CF-y004k.js:24:39289)
    at da (https://uiverse.io/assets/index-CF-y004k.js:24:34440)
    at E (https://uiverse.io/assets/index-CF-y004k.js:9:1562)
    at MessagePort.rt (https://uiverse.io/assets/index-CF-y004k.js:9:1930)
[    3219ms] Error: Minified React error #418; visit https://reactjs.org/docs/error-decoder.html?invariant=418 for the full message or use the non-minified dev environment for full errors and additional helpful warnings.
    at si (https://uiverse.io/assets/index-CF-y004k.js:22:4788)
    at ya (https://uiverse.io/assets/index-CF-y004k.js:24:45264)
    at va (https://uiverse.io/assets/index-CF-y004k.js:24:39499)
    at kf (https://uiverse.io/assets/index-CF-y004k.js:24:39430)
    at Qr (https://uiverse.io/assets/index-CF-y004k.js:24:39289)
    at da (https://uiverse.io/assets/index-CF-y004k.js:24:34440)
    at E (https://uiverse.io/assets/index-CF-y004k.js:9:1562)
    at MessagePort.rt (https://uiverse.io/assets/index-CF-y004k.js:9:1930)
[    3219ms] Error: Minified React error #418; visit https://reactjs.org/docs/error-decoder.html?invariant=418 for the full message or use the non-minified dev environment for full errors and additional helpful warnings.
    at si (https://uiverse.io/assets/index-CF-y004k.js:22:4788)
    at ya (https://uiverse.io/assets/index-CF-y004k.js:24:45264)
    at va (https://uiverse.io/assets/index-CF-y004k.js:24:39499)
    at kf (https://uiverse.io/assets/index-CF-y004k.js:24:39430)
    at Qr (https://uiverse.io/assets/index-CF-y004k.js:24:39289)
    at da (https://uiverse.io/assets/index-CF-y004k.js:24:34440)
    at E (https://uiverse.io/assets/index-CF-y004k.js:9:1562)
    at MessagePort.rt (https://uiverse.io/assets/index-CF-y004k.js:9:1930)
[    3219ms] Error: Minified React error #418; visit https://reactjs.org/docs/error-decoder.html?invariant=418 for the full message or use the non-minified dev environment for full errors and additional helpful warnings.
    at si (https://uiverse.io/assets/index-CF-y004k.js:22:4788)
    at ya (https://uiverse.io/assets/index-CF-y004k.js:24:45264)
    at va (https://uiverse.io/assets/index-CF-y004k.js:24:39499)
    at kf (https://uiverse.io/assets/index-CF-y004k.js:24:39430)
    at Qr (https://uiverse.io/assets/index-CF-y004k.js:24:39289)
    at da (https://uiverse.io/assets/index-CF-y004k.js:24:34440)
    at E (https://uiverse.io/assets/index-CF-y004k.js:9:1562)
    at MessagePort.rt (https://uiverse.io/assets/index-CF-y004k.js:9:1930)
[    3219ms] Error: Minified React error #418; visit https://reactjs.org/docs/error-decoder.html?invariant=418 for the full message or use the non-minified dev environment for full errors and additional helpful warnings.
    at si (https://uiverse.io/assets/index-CF-y004k.js:22:4788)
    at ya (https://uiverse.io/assets/index-CF-y004k.js:24:45264)
    at va (https://uiverse.io/assets/index-CF-y004k.js:24:39499)
    at kf (https://uiverse.io/assets/index-CF-y004k.js:24:39430)
    at Qr (https://uiverse.io/assets/index-CF-y004k.js:24:39289)
    at da (https://uiverse.io/assets/index-CF-y004k.js:24:34440)
    at E (https://uiverse.io/assets/index-CF-y004k.js:9:1562)
    at MessagePort.rt (https://uiverse.io/assets/index-CF-y004k.js:9:1930)
[    3219ms] Error: Minified React error #418; visit https://reactjs.org/docs/error-decoder.html?invariant=418 for the full message or use the non-minified dev environment for full errors and additional helpful warnings.
    at si (https://uiverse.io/assets/index-CF-y004k.js:22:4788)
    at ya (https://uiverse.io/assets/index-CF-y004k.js:24:45264)
    at va (https://uiverse.io/assets/index-CF-y004k.js:24:39499)
    at kf (https://uiverse.io/assets/index-CF-y004k.js:24:39430)
    at Qr (https://uiverse.io/assets/index-CF-y004k.js:24:39289)
    at da (https://uiverse.io/assets/index-CF-y004k.js:24:34440)
    at E (https://uiverse.io/assets/index-CF-y004k.js:9:1562)
    at MessagePort.rt (https://uiverse.io/assets/index-CF-y004k.js:9:1930)
[    3219ms] Error: Minified React error #418; visit https://reactjs.org/docs/error-decoder.html?invariant=418 for the full message or use the non-minified dev environment for full errors and additional helpful warnings.
    at si (https://uiverse.io/assets/index-CF-y004k.js:22:4788)
    at ya (https://uiverse.io/assets/index-CF-y004k.js:24:45264)
    at va (https://uiverse.io/assets/index-CF-y004k.js:24:39499)
    at kf (https://uiverse.io/assets/index-CF-y004k.js:24:39430)
    at Qr (https://uiverse.io/assets/index-CF-y004k.js:24:39289)
    at da (https://uiverse.io/assets/index-CF-y004k.js:24:34440)
    at E (https://uiverse.io/assets/index-CF-y004k.js:9:1562)
    at MessagePort.rt (https://uiverse.io/assets/index-CF-y004k.js:9:1930)
[    3219ms] Error: Minified React error #418; visit https://reactjs.org/docs/error-decoder.html?invariant=418 for the full message or use the non-minified dev environment for full errors and additional helpful warnings.
    at si (https://uiverse.io/assets/index-CF-y004k.js:22:4788)
    at ya (https://uiverse.io/assets/index-CF-y004k.js:24:45264)
    at va (https://uiverse.io/assets/index-CF-y004k.js:24:39499)
    at kf (https://uiverse.io/assets/index-CF-y004k.js:24:39430)
    at Qr (https://uiverse.io/assets/index-CF-y004k.js:24:39289)
    at da (https://uiverse.io/assets/index-CF-y004k.js:24:34440)
    at E (https://uiverse.io/assets/index-CF-y004k.js:9:1562)
    at MessagePort.rt (https://uiverse.io/assets/index-CF-y004k.js:9:1930)
[    3219ms] Error: Minified React error #418; visit https://reactjs.org/docs/error-decoder.html?invariant=418 for the full message or use the non-minified dev environment for full errors and additional helpful warnings.
    at si (https://uiverse.io/assets/index-CF-y004k.js:22:4788)
    at ya (https://uiverse.io/assets/index-CF-y004k.js:24:45264)
    at va (https://uiverse.io/assets/index-CF-y004k.js:24:39499)
    at kf (https://uiverse.io/assets/index-CF-y004k.js:24:39430)
    at Qr (https://uiverse.io/assets/index-CF-y004k.js:24:39289)
    at da (https://uiverse.io/assets/index-CF-y004k.js:24:34440)
    at E (https://uiverse.io/assets/index-CF-y004k.js:9:1562)
    at MessagePort.rt (https://uiverse.io/assets/index-CF-y004k.js:9:1930)
[    3219ms] Error: Minified React error #418; visit https://reactjs.org/docs/error-decoder.html?invariant=418 for the full message or use the non-minified dev environment for full errors and additional helpful warnings.
    at si (https://uiverse.io/assets/index-CF-y004k.js:22:4788)
    at ya (https://uiverse.io/assets/index-CF-y004k.js:24:45264)
    at va (https://uiverse.io/assets/index-CF-y004k.js:24:39499)
    at kf (https://uiverse.io/assets/index-CF-y004k.js:24:39430)
    at Qr (https://uiverse.io/assets/index-CF-y004k.js:24:39289)
    at da (https://uiverse.io/assets/index-CF-y004k.js:24:34440)
    at E (https://uiverse.io/assets/index-CF-y004k.js:9:1562)
    at MessagePort.rt (https://uiverse.io/assets/index-CF-y004k.js:9:1930)
[    3219ms] Error: Minified React error #418; visit https://reactjs.org/docs/error-decoder.html?invariant=418 for the full message or use the non-minified dev environment for full errors and additional helpful warnings.
    at si (https://uiverse.io/assets/index-CF-y004k.js:22:4788)
    at ya (https://uiverse.io/assets/index-CF-y004k.js:24:45264)
    at va (https://uiverse.io/assets/index-CF-y004k.js:24:39499)
    at kf (https://uiverse.io/assets/index-CF-y004k.js:24:39430)
    at Qr (https://uiverse.io/assets/index-CF-y004k.js:24:39289)
    at da (https://uiverse.io/assets/index-CF-y004k.js:24:34440)
    at E (https://uiverse.io/assets/index-CF-y004k.js:9:1562)
    at MessagePort.rt (https://uiverse.io/assets/index-CF-y004k.js:9:1930)
[    3220ms] Error: Minified React error #418; visit https://reactjs.org/docs/error-decoder.html?invariant=418 for the full message or use the non-minified dev environment for full errors and additional helpful warnings.
    at si (https://uiverse.io/assets/index-CF-y004k.js:22:4788)
    at ya (https://uiverse.io/assets/index-CF-y004k.js:24:45264)
    at va (https://uiverse.io/assets/index-CF-y004k.js:24:39499)
    at kf (https://uiverse.io/assets/index-CF-y004k.js:24:39430)
    at Qr (https://uiverse.io/assets/index-CF-y004k.js:24:39289)
    at da (https://uiverse.io/assets/index-CF-y004k.js:24:34440)
    at E (https://uiverse.io/assets/index-CF-y004k.js:9:1562)
    at MessagePort.rt (https://uiverse.io/assets/index-CF-y004k.js:9:1930)
[    3220ms] Error: Minified React error #418; visit https://reactjs.org/docs/error-decoder.html?invariant=418 for the full message or use the non-minified dev environment for full errors and additional helpful warnings.
    at si (https://uiverse.io/assets/index-CF-y004k.js:22:4788)
    at ya (https://uiverse.io/assets/index-CF-y004k.js:24:45264)
    at va (https://uiverse.io/assets/index-CF-y004k.js:24:39499)
    at kf (https://uiverse.io/assets/index-CF-y004k.js:24:39430)
    at Qr (https://uiverse.io/assets/index-CF-y004k.js:24:39289)
    at da (https://uiverse.io/assets/index-CF-y004k.js:24:34440)
    at E (https://uiverse.io/assets/index-CF-y004k.js:9:1562)
    at MessagePort.rt (https://uiverse.io/assets/index-CF-y004k.js:9:1930)
[    3220ms] Error: Minified React error #418; visit https://reactjs.org/docs/error-decoder.html?invariant=418 for the full message or use the non-minified dev environment for full errors and additional helpful warnings.
    at si (https://uiverse.io/assets/index-CF-y004k.js:22:4788)
    at ya (https://uiverse.io/assets/index-CF-y004k.js:24:45264)
    at va (https://uiverse.io/assets/index-CF-y004k.js:24:39499)
    at kf (https://uiverse.io/assets/index-CF-y004k.js:24:39430)
    at Qr (https://uiverse.io/assets/index-CF-y004k.js:24:39289)
    at da (https://uiverse.io/assets/index-CF-y004k.js:24:34440)
    at E (https://uiverse.io/assets/index-CF-y004k.js:9:1562)
    at MessagePort.rt (https://uiverse.io/assets/index-CF-y004k.js:9:1930)
[    3220ms] Error: Minified React error #418; visit https://reactjs.org/docs/error-decoder.html?invariant=418 for the full message or use the non-minified dev environment for full errors and additional helpful warnings.
    at si (https://uiverse.io/assets/index-CF-y004k.js:22:4788)
    at ya (https://uiverse.io/assets/index-CF-y004k.js:24:45264)
    at va (https://uiverse.io/assets/index-CF-y004k.js:24:39499)
    at kf (https://uiverse.io/assets/index-CF-y004k.js:24:39430)
    at Qr (https://uiverse.io/assets/index-CF-y004k.js:24:39289)
    at da (https://uiverse.io/assets/index-CF-y004k.js:24:34440)
    at E (https://uiverse.io/assets/index-CF-y004k.js:9:1562)
    at MessagePort.rt (https://uiverse.io/assets/index-CF-y004k.js:9:1930)
[    3220ms] Error: Minified React error #418; visit https://reactjs.org/docs/error-decoder.html?invariant=418 for the full message or use the non-minified dev environment for full errors and additional helpful warnings.
    at si (https://uiverse.io/assets/index-CF-y004k.js:22:4788)
    at ya (https://uiverse.io/assets/index-CF-y004k.js:24:45264)
    at va (https://uiverse.io/assets/index-CF-y004k.js:24:39499)
    at kf (https://uiverse.io/assets/index-CF-y004k.js:24:39430)
    at Qr (https://uiverse.io/assets/index-CF-y004k.js:24:39289)
    at da (https://uiverse.io/assets/index-CF-y004k.js:24:34440)
    at E (https://uiverse.io/assets/index-CF-y004k.js:9:1562)
    at MessagePort.rt (https://uiverse.io/assets/index-CF-y004k.js:9:1930)
[    3220ms] Error: Minified React error #418; visit https://reactjs.org/docs/error-decoder.html?invariant=418 for the full message or use the non-minified dev environment for full errors and additional helpful warnings.
    at si (https://uiverse.io/assets/index-CF-y004k.js:22:4788)
    at ya (https://uiverse.io/assets/index-CF-y004k.js:24:45264)
    at va (https://uiverse.io/assets/index-CF-y004k.js:24:39499)
    at kf (https://uiverse.io/assets/index-CF-y004k.js:24:39430)
    at Qr (https://uiverse.io/assets/index-CF-y004k.js:24:39289)
    at da (https://uiverse.io/assets/index-CF-y004k.js:24:34440)
    at E (https://uiverse.io/assets/index-CF-y004k.js:9:1562)
    at MessagePort.rt (https://uiverse.io/assets/index-CF-y004k.js:9:1930)
[    3220ms] Error: Minified React error #418; visit https://reactjs.org/docs/error-decoder.html?invariant=418 for the full message or use the non-minified dev environment for full errors and additional helpful warnings.
    at si (https://uiverse.io/assets/index-CF-y004k.js:22:4788)
    at ya (https://uiverse.io/assets/index-CF-y004k.js:24:45264)
    at va (https://uiverse.io/assets/index-CF-y004k.js:24:39499)
    at kf (https://uiverse.io/assets/index-CF-y004k.js:24:39430)
    at Qr (https://uiverse.io/assets/index-CF-y004k.js:24:39289)
    at da (https://uiverse.io/assets/index-CF-y004k.js:24:34440)
    at E (https://uiverse.io/assets/index-CF-y004k.js:9:1562)
    at MessagePort.rt (https://uiverse.io/assets/index-CF-y004k.js:9:1930)
[    3220ms] Error: Minified React error #418; visit https://reactjs.org/docs/error-decoder.html?invariant=418 for the full message or use the non-minified dev environment for full errors and additional helpful warnings.
    at si (https://uiverse.io/assets/index-CF-y004k.js:22:4788)
    at ya (https://uiverse.io/assets/index-CF-y004k.js:24:45264)
    at va (https://uiverse.io/assets/index-CF-y004k.js:24:39499)
    at kf (https://uiverse.io/assets/index-CF-y004k.js:24:39430)
    at Qr (https://uiverse.io/assets/index-CF-y004k.js:24:39289)
    at da (https://uiverse.io/assets/index-CF-y004k.js:24:34440)
    at E (https://uiverse.io/assets/index-CF-y004k.js:9:1562)
    at MessagePort.rt (https://uiverse.io/assets/index-CF-y004k.js:9:1930)
[    3220ms] Error: Minified React error #418; visit https://reactjs.org/docs/error-decoder.html?invariant=418 for the full message or use the non-minified dev environment for full errors and additional helpful warnings.
    at si (https://uiverse.io/assets/index-CF-y004k.js:22:4788)
    at ya (https://uiverse.io/assets/index-CF-y004k.js:24:45264)
    at va (https://uiverse.io/assets/index-CF-y004k.js:24:39499)
    at kf (https://uiverse.io/assets/index-CF-y004k.js:24:39430)
    at Qr (https://uiverse.io/assets/index-CF-y004k.js:24:39289)
    at da (https://uiverse.io/assets/index-CF-y004k.js:24:34440)
    at E (https://uiverse.io/assets/index-CF-y004k.js:9:1562)
    at MessagePort.rt (https://uiverse.io/assets/index-CF-y004k.js:9:1930)
[    3220ms] Error: Minified React error #418; visit https://reactjs.org/docs/error-decoder.html?invariant=418 for the full message or use the non-minified dev environment for full errors and additional helpful warnings.
    at si (https://uiverse.io/assets/index-CF-y004k.js:22:4788)
    at ya (https://uiverse.io/assets/index-CF-y004k.js:24:45264)
    at va (https://uiverse.io/assets/index-CF-y004k.js:24:39499)
    at kf (https://uiverse.io/assets/index-CF-y004k.js:24:39430)
    at Qr (https://uiverse.io/assets/index-CF-y004k.js:24:39289)
    at da (https://uiverse.io/assets/index-CF-y004k.js:24:34440)
    at E (https://uiverse.io/assets/index-CF-y004k.js:9:1562)
    at MessagePort.rt (https://uiverse.io/assets/index-CF-y004k.js:9:1930)
[    3220ms] Error: Minified React error #418; visit https://reactjs.org/docs/error-decoder.html?invariant=418 for the full message or use the non-minified dev environment for full errors and additional helpful warnings.
    at si (https://uiverse.io/assets/index-CF-y004k.js:22:4788)
    at ya (https://uiverse.io/assets/index-CF-y004k.js:24:45264)
    at va (https://uiverse.io/assets/index-CF-y004k.js:24:39499)
    at kf (https://uiverse.io/assets/index-CF-y004k.js:24:39430)
    at Qr (https://uiverse.io/assets/index-CF-y004k.js:24:39289)
    at da (https://uiverse.io/assets/index-CF-y004k.js:24:34440)
    at E (https://uiverse.io/assets/index-CF-y004k.js:9:1562)
    at MessagePort.rt (https://uiverse.io/assets/index-CF-y004k.js:9:1930)
[    3220ms] Error: Minified React error #418; visit https://reactjs.org/docs/error-decoder.html?invariant=418 for the full message or use the non-minified dev environment for full errors and additional helpful warnings.
    at si (https://uiverse.io/assets/index-CF-y004k.js:22:4788)
    at ya (https://uiverse.io/assets/index-CF-y004k.js:24:45264)
    at va (https://uiverse.io/assets/index-CF-y004k.js:24:39499)
    at kf (https://uiverse.io/assets/index-CF-y004k.js:24:39430)
    at Qr (https://uiverse.io/assets/index-CF-y004k.js:24:39289)
    at da (https://uiverse.io/assets/index-CF-y004k.js:24:34440)
    at E (https://uiverse.io/assets/index-CF-y004k.js:9:1562)
    at MessagePort.rt (https://uiverse.io/assets/index-CF-y004k.js:9:1930)
[    3220ms] Error: Minified React error #418; visit https://reactjs.org/docs/error-decoder.html?invariant=418 for the full message or use the non-minified dev environment for full errors and additional helpful warnings.
    at si (https://uiverse.io/assets/index-CF-y004k.js:22:4788)
    at ya (https://uiverse.io/assets/index-CF-y004k.js:24:45264)
    at va (https://uiverse.io/assets/index-CF-y004k.js:24:39499)
    at kf (https://uiverse.io/assets/index-CF-y004k.js:24:39430)
    at Qr (https://uiverse.io/assets/index-CF-y004k.js:24:39289)
    at da (https://uiverse.io/assets/index-CF-y004k.js:24:34440)
    at E (https://uiverse.io/assets/index-CF-y004k.js:9:1562)
    at MessagePort.rt (https://uiverse.io/assets/index-CF-y004k.js:9:1930)
[    3220ms] Error: Minified React error #418; visit https://reactjs.org/docs/error-decoder.html?invariant=418 for the full message or use the non-minified dev environment for full errors and additional helpful warnings.
    at si (https://uiverse.io/assets/index-CF-y004k.js:22:4788)
    at ya (https://uiverse.io/assets/index-CF-y004k.js:24:45264)
    at va (https://uiverse.io/assets/index-CF-y004k.js:24:39499)
    at kf (https://uiverse.io/assets/index-CF-y004k.js:24:39430)
    at Qr (https://uiverse.io/assets/index-CF-y004k.js:24:39289)
    at da (https://uiverse.io/assets/index-CF-y004k.js:24:34440)
    at E (https://uiverse.io/assets/index-CF-y004k.js:9:1562)
    at MessagePort.rt (https://uiverse.io/assets/index-CF-y004k.js:9:1930)
[    3221ms] Error: Minified React error #418; visit https://reactjs.org/docs/error-decoder.html?invariant=418 for the full message or use the non-minified dev environment for full errors and additional helpful warnings.
    at si (https://uiverse.io/assets/index-CF-y004k.js:22:4788)
    at ya (https://uiverse.io/assets/index-CF-y004k.js:24:45264)
    at va (https://uiverse.io/assets/index-CF-y004k.js:24:39499)
    at kf (https://uiverse.io/assets/index-CF-y004k.js:24:39430)
    at Qr (https://uiverse.io/assets/index-CF-y004k.js:24:39289)
    at da (https://uiverse.io/assets/index-CF-y004k.js:24:34440)
    at E (https://uiverse.io/assets/index-CF-y004k.js:9:1562)
    at MessagePort.rt (https://uiverse.io/assets/index-CF-y004k.js:9:1930)
[    3221ms] Error: Minified React error #418; visit https://reactjs.org/docs/error-decoder.html?invariant=418 for the full message or use the non-minified dev environment for full errors and additional helpful warnings.
    at si (https://uiverse.io/assets/index-CF-y004k.js:22:4788)
    at ya (https://uiverse.io/assets/index-CF-y004k.js:24:45264)
    at va (https://uiverse.io/assets/index-CF-y004k.js:24:39499)
    at kf (https://uiverse.io/assets/index-CF-y004k.js:24:39430)
    at Qr (https://uiverse.io/assets/index-CF-y004k.js:24:39289)
    at da (https://uiverse.io/assets/index-CF-y004k.js:24:34440)
    at E (https://uiverse.io/assets/index-CF-y004k.js:9:1562)
    at MessagePort.rt (https://uiverse.io/assets/index-CF-y004k.js:9:1930)
[    3221ms] Error: Minified React error #418; visit https://reactjs.org/docs/error-decoder.html?invariant=418 for the full message or use the non-minified dev environment for full errors and additional helpful warnings.
    at si (https://uiverse.io/assets/index-CF-y004k.js:22:4788)
    at ya (https://uiverse.io/assets/index-CF-y004k.js:24:45264)
    at va (https://uiverse.io/assets/index-CF-y004k.js:24:39499)
    at kf (https://uiverse.io/assets/index-CF-y004k.js:24:39430)
    at Qr (https://uiverse.io/assets/index-CF-y004k.js:24:39289)
    at da (https://uiverse.io/assets/index-CF-y004k.js:24:34440)
    at E (https://uiverse.io/assets/index-CF-y004k.js:9:1562)
    at MessagePort.rt (https://uiverse.io/assets/index-CF-y004k.js:9:1930)
[    3221ms] Error: Minified React error #418; visit https://reactjs.org/docs/error-decoder.html?invariant=418 for the full message or use the non-minified dev environment for full errors and additional helpful warnings.
    at si (https://uiverse.io/assets/index-CF-y004k.js:22:4788)
    at ya (https://uiverse.io/assets/index-CF-y004k.js:24:45264)
    at va (https://uiverse.io/assets/index-CF-y004k.js:24:39499)
    at kf (https://uiverse.io/assets/index-CF-y004k.js:24:39430)
    at Qr (https://uiverse.io/assets/index-CF-y004k.js:24:39289)
    at da (https://uiverse.io/assets/index-CF-y004k.js:24:34440)
    at E (https://uiverse.io/assets/index-CF-y004k.js:9:1562)
    at MessagePort.rt (https://uiverse.io/assets/index-CF-y004k.js:9:1930)
[    3221ms] Error: Minified React error #418; visit https://reactjs.org/docs/error-decoder.html?invariant=418 for the full message or use the non-minified dev environment for full errors and additional helpful warnings.
    at si (https://uiverse.io/assets/index-CF-y004k.js:22:4788)
    at ya (https://uiverse.io/assets/index-CF-y004k.js:24:45264)
    at va (https://uiverse.io/assets/index-CF-y004k.js:24:39499)
    at kf (https://uiverse.io/assets/index-CF-y004k.js:24:39430)
    at Qr (https://uiverse.io/assets/index-CF-y004k.js:24:39289)
    at da (https://uiverse.io/assets/index-CF-y004k.js:24:34440)
    at E (https://uiverse.io/assets/index-CF-y004k.js:9:1562)
    at MessagePort.rt (https://uiverse.io/assets/index-CF-y004k.js:9:1930)
[    3221ms] Error: Minified React error #418; visit https://reactjs.org/docs/error-decoder.html?invariant=418 for the full message or use the non-minified dev environment for full errors and additional helpful warnings.
    at si (https://uiverse.io/assets/index-CF-y004k.js:22:4788)
    at ya (https://uiverse.io/assets/index-CF-y004k.js:24:45264)
    at va (https://uiverse.io/assets/index-CF-y004k.js:24:39499)
    at kf (https://uiverse.io/assets/index-CF-y004k.js:24:39430)
    at Qr (https://uiverse.io/assets/index-CF-y004k.js:24:39289)
    at da (https://uiverse.io/assets/index-CF-y004k.js:24:34440)
    at E (https://uiverse.io/assets/index-CF-y004k.js:9:1562)
    at MessagePort.rt (https://uiverse.io/assets/index-CF-y004k.js:9:1930)
[    3221ms] Error: Minified React error #418; visit https://reactjs.org/docs/error-decoder.html?invariant=418 for the full message or use the non-minified dev environment for full errors and additional helpful warnings.
    at si (https://uiverse.io/assets/index-CF-y004k.js:22:4788)
    at ya (https://uiverse.io/assets/index-CF-y004k.js:24:45264)
    at va (https://uiverse.io/assets/index-CF-y004k.js:24:39499)
    at kf (https://uiverse.io/assets/index-CF-y004k.js:24:39430)
    at Qr (https://uiverse.io/assets/index-CF-y004k.js:24:39289)
    at da (https://uiverse.io/assets/index-CF-y004k.js:24:34440)
    at E (https://uiverse.io/assets/index-CF-y004k.js:9:1562)
    at MessagePort.rt (https://uiverse.io/assets/index-CF-y004k.js:9:1930)
[    3221ms] Error: Minified React error #418; visit https://reactjs.org/docs/error-decoder.html?invariant=418 for the full message or use the non-minified dev environment for full errors and additional helpful warnings.
    at si (https://uiverse.io/assets/index-CF-y004k.js:22:4788)
    at ya (https://uiverse.io/assets/index-CF-y004k.js:24:45264)
    at va (https://uiverse.io/assets/index-CF-y004k.js:24:39499)
    at kf (https://uiverse.io/assets/index-CF-y004k.js:24:39430)
    at Qr (https://uiverse.io/assets/index-CF-y004k.js:24:39289)
    at da (https://uiverse.io/assets/index-CF-y004k.js:24:34440)
    at E (https://uiverse.io/assets/index-CF-y004k.js:9:1562)
    at MessagePort.rt (https://uiverse.io/assets/index-CF-y004k.js:9:1930)
[    3221ms] Error: Minified React error #418; visit https://reactjs.org/docs/error-decoder.html?invariant=418 for the full message or use the non-minified dev environment for full errors and additional helpful warnings.
    at si (https://uiverse.io/assets/index-CF-y004k.js:22:4788)
    at ya (https://uiverse.io/assets/index-CF-y004k.js:24:45264)
    at va (https://uiverse.io/assets/index-CF-y004k.js:24:39499)
    at kf (https://uiverse.io/assets/index-CF-y004k.js:24:39430)
    at Qr (https://uiverse.io/assets/index-CF-y004k.js:24:39289)
    at da (https://uiverse.io/assets/index-CF-y004k.js:24:34440)
    at E (https://uiverse.io/assets/index-CF-y004k.js:9:1562)
    at MessagePort.rt (https://uiverse.io/assets/index-CF-y004k.js:9:1930)
[    3221ms] Error: Minified React error #418; visit https://reactjs.org/docs/error-decoder.html?invariant=418 for the full message or use the non-minified dev environment for full errors and additional helpful warnings.
    at si (https://uiverse.io/assets/index-CF-y004k.js:22:4788)
    at ya (https://uiverse.io/assets/index-CF-y004k.js:24:45264)
    at va (https://uiverse.io/assets/index-CF-y004k.js:24:39499)
    at kf (https://uiverse.io/assets/index-CF-y004k.js:24:39430)
    at Qr (https://uiverse.io/assets/index-CF-y004k.js:24:39289)
    at da (https://uiverse.io/assets/index-CF-y004k.js:24:34440)
    at E (https://uiverse.io/assets/index-CF-y004k.js:9:1562)
    at MessagePort.rt (https://uiverse.io/assets/index-CF-y004k.js:9:1930)
[    3221ms] Error: Minified React error #418; visit https://reactjs.org/docs/error-decoder.html?invariant=418 for the full message or use the non-minified dev environment for full errors and additional helpful warnings.
    at si (https://uiverse.io/assets/index-CF-y004k.js:22:4788)
    at ya (https://uiverse.io/assets/index-CF-y004k.js:24:45264)
    at va (https://uiverse.io/assets/index-CF-y004k.js:24:39499)
    at kf (https://uiverse.io/assets/index-CF-y004k.js:24:39430)
    at Qr (https://uiverse.io/assets/index-CF-y004k.js:24:39289)
    at da (https://uiverse.io/assets/index-CF-y004k.js:24:34440)
    at E (https://uiverse.io/assets/index-CF-y004k.js:9:1562)
    at MessagePort.rt (https://uiverse.io/assets/index-CF-y004k.js:9:1930)
[    3222ms] Error: Minified React error #418; visit https://reactjs.org/docs/error-decoder.html?invariant=418 for the full message or use the non-minified dev environment for full errors and additional helpful warnings.
    at si (https://uiverse.io/assets/index-CF-y004k.js:22:4788)
    at ya (https://uiverse.io/assets/index-CF-y004k.js:24:45264)
    at va (https://uiverse.io/assets/index-CF-y004k.js:24:39499)
    at kf (https://uiverse.io/assets/index-CF-y004k.js:24:39430)
    at Qr (https://uiverse.io/assets/index-CF-y004k.js:24:39289)
    at da (https://uiverse.io/assets/index-CF-y004k.js:24:34440)
    at E (https://uiverse.io/assets/index-CF-y004k.js:9:1562)
    at MessagePort.rt (https://uiverse.io/assets/index-CF-y004k.js:9:1930)
[    3222ms] Error: Minified React error #418; visit https://reactjs.org/docs/error-decoder.html?invariant=418 for the full message or use the non-minified dev environment for full errors and additional helpful warnings.
    at si (https://uiverse.io/assets/index-CF-y004k.js:22:4788)
    at ya (https://uiverse.io/assets/index-CF-y004k.js:24:45264)
    at va (https://uiverse.io/assets/index-CF-y004k.js:24:39499)
    at kf (https://uiverse.io/assets/index-CF-y004k.js:24:39430)
    at Qr (https://uiverse.io/assets/index-CF-y004k.js:24:39289)
    at da (https://uiverse.io/assets/index-CF-y004k.js:24:34440)
    at E (https://uiverse.io/assets/index-CF-y004k.js:9:1562)
    at MessagePort.rt (https://uiverse.io/assets/index-CF-y004k.js:9:1930)
[    3222ms] Error: Minified React error #423; visit https://reactjs.org/docs/error-decoder.html?invariant=423 for the full message or use the non-minified dev environment for full errors and additional helpful warnings.
    at ya (https://uiverse.io/assets/index-CF-y004k.js:24:44924)
    at va (https://uiverse.io/assets/index-CF-y004k.js:24:39499)
    at kf (https://uiverse.io/assets/index-CF-y004k.js:24:39430)
    at Qr (https://uiverse.io/assets/index-CF-y004k.js:24:39289)
    at xi (https://uiverse.io/assets/index-CF-y004k.js:24:35710)
    at da (https://uiverse.io/assets/index-CF-y004k.js:24:34666)
    at E (https://uiverse.io/assets/index-CF-y004k.js:9:1562)
    at MessagePort.rt (https://uiverse.io/assets/index-CF-y004k.js:9:1930)
[    7952ms] [ERROR] Failed to load resource: net::ERR_NAME_NOT_RESOLVED @ https://securepubads.g.doubleclick.net/tag/js/gpt.js:0
[    8980ms] [ERROR] Failed to load resource: net::ERR_NAME_NOT_RESOLVED @ https://ad.doubleclick.net/favicon.ico?ad=300x250&ad_box_=1&adnet=1&showad=1&size=250x250&e=0.44295970511441296:0
[   10655ms] [ERROR] Failed to load resource: the server responded with a status of 403 () @ https://cdn.api.btloader.com/device?orgid=5102648370397184&platformVersion=16&fullVersionList=%5B%7B%22brand%22%3A%22Not%3DA%3FBrand%22%2C%22version%22%3A%2299.0.0.0%22%7D%2C%7B%22brand%22%3A%22Google+Chrome%22%2C%22version%22%3A%22151.0.7922.174%22%7D%2C%7B%22brand%22%3A%22Chromium%22%2C%22version%22%3A%22151.0.7922.174%22%7D%5D&upapi=true:0
[   11797ms] [ERROR] Failed to load resource: net::ERR_NAME_NOT_RESOLVED @ https://ad.doubleclick.net/favicon.ico?ad=300x250&ad_box_=1&adnet=1&showad=1&size=250x250&e=0.8584848428452542:0
